Archive member included because of file (symbol)

.\CortexM0\ARM_GCC_484\Debug\Client and Server-Central.a(cyfitter_cfg.o)
                              .\CortexM0\ARM_GCC_484\Debug\Cm0Start.o (cyfitter_cfg)
.\CortexM0\ARM_GCC_484\Debug\Client and Server-Central.a(BLE.o)
                              .\CortexM0\ARM_GCC_484\Debug\main.o (CyBle_Start)
.\CortexM0\ARM_GCC_484\Debug\Client and Server-Central.a(BLE_gatt.o)
                              .\CortexM0\ARM_GCC_484\Debug\main.o (cyBle_state)
.\CortexM0\ARM_GCC_484\Debug\Client and Server-Central.a(BLE_tps.o)
                              .\CortexM0\ARM_GCC_484\Debug\Client and Server-Central.a(BLE.o) (CyBle_TpsInit)
.\CortexM0\ARM_GCC_484\Debug\Client and Server-Central.a(BLE_eventHandler.o)
                              .\CortexM0\ARM_GCC_484\Debug\main.o (cyBle_connHandle)
.\CortexM0\ARM_GCC_484\Debug\Client and Server-Central.a(BLE_dis.o)
                              .\CortexM0\ARM_GCC_484\Debug\Client and Server-Central.a(BLE.o) (CyBle_DisInit)
.\CortexM0\ARM_GCC_484\Debug\Client and Server-Central.a(UART.o)
                              .\CortexM0\ARM_GCC_484\Debug\main.o (UART_Start)
.\CortexM0\ARM_GCC_484\Debug\Client and Server-Central.a(UART_SPI_UART.o)
                              .\CortexM0\ARM_GCC_484\Debug\common.o (UART_SpiUartWriteTxData)
.\CortexM0\ARM_GCC_484\Debug\Client and Server-Central.a(UART_UART.o)
                              .\CortexM0\ARM_GCC_484\Debug\Client and Server-Central.a(UART.o) (UART_UartInit)
.\CortexM0\ARM_GCC_484\Debug\Client and Server-Central.a(CyLib.o)
                              .\CortexM0\ARM_GCC_484\Debug\Client and Server-Central.a(cyfitter_cfg.o) (CyDelayUs)
.\CortexM0\ARM_GCC_484\Debug\Client and Server-Central.a(CyBootAsmGnu.o)
                              .\CortexM0\ARM_GCC_484\Debug\Client and Server-Central.a(CyLib.o) (CyDelayCycles)
C:\Program Files (x86)\Cypress\PSoC Creator\3.1\PSoC Creator\psoc\content\cycomponentlibrary\CyComponentLibrary.cylib\BLE_v1_20\Library\gccCyBLEStack_BLE_SOC_CENTRAL.a(CyBle.o)
                              .\CortexM0\ARM_GCC_484\Debug\main.o (CyBle_ProcessEvents)
C:\Program Files (x86)\Cypress\PSoC Creator\3.1\PSoC Creator\psoc\content\cycomponentlibrary\CyComponentLibrary.cylib\BLE_v1_20\Library\gccCyBLEStack_BLE_SOC_CENTRAL.a(CyBleStackMgrIP_Interface.o)
                              C:\Program Files (x86)\Cypress\PSoC Creator\3.1\PSoC Creator\psoc\content\cycomponentlibrary\CyComponentLibrary.cylib\BLE_v1_20\Library\gccCyBLEStack_BLE_SOC_CENTRAL.a(CyBle.o) (CyBleStackMgr_BleGetConfigData)
C:\Program Files (x86)\Cypress\PSoC Creator\3.1\PSoC Creator\psoc\content\cycomponentlibrary\CyComponentLibrary.cylib\BLE_v1_20\Library\gccCyBLEStack_BLE_SOC_CENTRAL.a(BT_os.o)
                              C:\Program Files (x86)\Cypress\PSoC Creator\3.1\PSoC Creator\psoc\content\cycomponentlibrary\CyComponentLibrary.cylib\BLE_v1_20\Library\gccCyBLEStack_BLE_SOC_CENTRAL.a(CyBleStackMgrIP_Interface.o) (bt_stack_init_os)
C:\Program Files (x86)\Cypress\PSoC Creator\3.1\PSoC Creator\psoc\content\cycomponentlibrary\CyComponentLibrary.cylib\BLE_v1_20\Library\gccCyBLEStack_BLE_SOC_CENTRAL.a(CyBleStackMgr_StackTaskHandler.o)
                              C:\Program Files (x86)\Cypress\PSoC Creator\3.1\PSoC Creator\psoc\content\cycomponentlibrary\CyComponentLibrary.cylib\BLE_v1_20\Library\gccCyBLEStack_BLE_SOC_CENTRAL.a(CyBleStackMgrIP_Interface.o) (CyBle_CreateBleStackTask)
C:\Program Files (x86)\Cypress\PSoC Creator\3.1\PSoC Creator\psoc\content\cycomponentlibrary\CyComponentLibrary.cylib\BLE_v1_20\Library\gccCyBLEStack_BLE_SOC_CENTRAL.a(transport_sf.o)
                              C:\Program Files (x86)\Cypress\PSoC Creator\3.1\PSoC Creator\psoc\content\cycomponentlibrary\CyComponentLibrary.cylib\BLE_v1_20\Library\gccCyBLEStack_BLE_SOC_CENTRAL.a(CyBleStackMgr_StackTaskHandler.o) (hci_soft_transport_notify_data_received)
C:\Program Files (x86)\Cypress\PSoC Creator\3.1\PSoC Creator\psoc\content\cycomponentlibrary\CyComponentLibrary.cylib\BLE_v1_20\Library\gccCyBLEStack_BLE_SOC_CENTRAL.a(CyBleStackMgr_PSoCHal.o)
                              C:\Program Files (x86)\Cypress\PSoC Creator\3.1\PSoC Creator\psoc\content\cycomponentlibrary\CyComponentLibrary.cylib\BLE_v1_20\Library\gccCyBLEStack_BLE_SOC_CENTRAL.a(CyBleStackMgrIP_Interface.o) (CyBleStackMgr_HalInit)
C:\Program Files (x86)\Cypress\PSoC Creator\3.1\PSoC Creator\psoc\content\cycomponentlibrary\CyComponentLibrary.cylib\BLE_v1_20\Library\gccCyBLEStack_BLE_SOC_CENTRAL.a(CyBleStackMgr_BleSSDriver.o)
                              C:\Program Files (x86)\Cypress\PSoC Creator\3.1\PSoC Creator\psoc\content\cycomponentlibrary\CyComponentLibrary.cylib\BLE_v1_20\Library\gccCyBLEStack_BLE_SOC_CENTRAL.a(CyBleStackMgrIP_Interface.o) (CyBleStackMgr_BleSSInit)
C:\Program Files (x86)\Cypress\PSoC Creator\3.1\PSoC Creator\psoc\content\cycomponentlibrary\CyComponentLibrary.cylib\BLE_v1_20\Library\gccCyBLEStack_BLE_SOC_CENTRAL.a(config_bin.o)
[...]
Memory Configuration

Name             Origin             Length             Attributes
rom              0x00000000         0x00020000         xr
ram              0x20000000         0x00004000         xrw
*default*        0x00000000         0xffffffff

Linker script and memory map

LOAD c:/program files (x86)/cypress/psoc creator/3.1/psoc creator/import/gnu_cs/arm/4.8.4/bin/../lib/gcc/arm-none-eabi/4.8.4/armv6-m/crti.o
LOAD c:/program files (x86)/cypress/psoc creator/3.1/psoc creator/import/gnu_cs/arm/4.8.4/bin/../lib/gcc/arm-none-eabi/4.8.4/armv6-m/crtbegin.o
LOAD c:/program files (x86)/cypress/psoc creator/3.1/psoc creator/import/gnu_cs/arm/4.8.4/bin/../lib/gcc/arm-none-eabi/4.8.4/../../../../arm-none-eabi/lib/armv6-m/crt0.o
START GROUP
LOAD .\CortexM0\ARM_GCC_484\Debug\main.o
LOAD .\CortexM0\ARM_GCC_484\Debug\common.o
LOAD .\CortexM0\ARM_GCC_484\Debug\tps.o
LOAD .\CortexM0\ARM_GCC_484\Debug\cymetadata.o
LOAD .\CortexM0\ARM_GCC_484\Debug\Cm0Start.o
LOAD .\CortexM0\ARM_GCC_484\Debug\Client and Server-Central.a
LOAD C:\Program Files (x86)\Cypress\PSoC Creator\3.1\PSoC Creator\psoc\content\cycomponentlibrary\CyComponentLibrary.cylib\BLE_v1_20\Library\gccCyBLEStack_BLE_SOC_CENTRAL.a
LOAD C:\Program Files (x86)\Cypress\PSoC Creator\3.1\PSoC Creator\psoc\content\cycomponentlibrary\CyComponentLibrary.cylib\CortexM0\ARM_GCC_484\Debug\CyComponentLibrary.a
END GROUP
START GROUP
LOAD c:/program files (x86)/cypress/psoc creator/3.1/psoc creator/import/gnu_cs/arm/4.8.4/bin/../lib/gcc/arm-none-eabi/4.8.4/armv6-m\libgcc.a
LOAD c:/program files (x86)/cypress/psoc creator/3.1/psoc creator/import/gnu_cs/arm/4.8.4/bin/../lib/gcc/arm-none-eabi/4.8.4/../../../../arm-none-eabi/lib/armv6-m\libg_s.a
LOAD c:/program files (x86)/cypress/psoc creator/3.1/psoc creator/import/gnu_cs/arm/4.8.4/bin/../lib/gcc/arm-none-eabi/4.8.4/../../../../arm-none-eabi/lib/armv6-m\libc_s.a
END GROUP
START GROUP
LOAD c:/program files (x86)/cypress/psoc creator/3.1/psoc creator/import/gnu_cs/arm/4.8.4/bin/../lib/gcc/arm-none-eabi/4.8.4/armv6-m\libgcc.a
LOAD c:/program files (x86)/cypress/psoc creator/3.1/psoc creator/import/gnu_cs/arm/4.8.4/bin/../lib/gcc/arm-none-eabi/4.8.4/../../../../arm-none-eabi/lib/armv6-m\libc_s.a
END GROUP
LOAD c:/program files (x86)/cypress/psoc creator/3.1/psoc creator/import/gnu_cs/arm/4.8.4/bin/../lib/gcc/arm-none-eabi/4.8.4/armv6-m/crtend.o
LOAD c:/program files (x86)/cypress/psoc creator/3.1/psoc creator/import/gnu_cs/arm/4.8.4/bin/../lib/gcc/arm-none-eabi/4.8.4/armv6-m/crtn.o
START GROUP
LOAD c:/program files (x86)/cypress/psoc creator/3.1/psoc creator/import/gnu_cs/arm/4.8.4/bin/../lib/gcc/arm-none-eabi/4.8.4/armv6-m\libgcc.a
LOAD c:/program files (x86)/cypress/psoc creator/3.1/psoc creator/import/gnu_cs/arm/4.8.4/bin/../lib/gcc/arm-none-eabi/4.8.4/../../../../arm-none-eabi/lib/armv6-m\libc.a
LOAD c:/program files (x86)/cypress/psoc creator/3.1/psoc creator/import/gnu_cs/arm/4.8.4/bin/../lib/gcc/arm-none-eabi/4.8.4/../../../../arm-none-eabi/lib/armv6-m\libnosys.a
END GROUP
                0x00000000                CY_APPL_ORIGIN = 0x0
                0x00000080                CY_FLASH_ROW_SIZE = 0x80
                0x00000001                CY_APPL_NUM = 0x1
                0x00000040                CY_METADATA_SIZE = 0x40
                0x200029c0                PROVIDE (__cy_heap_start, _end)
                0x00000001                PROVIDE (__cy_region_num, ((__cy_regions_end - __cy_regions) / 0x10))
                0x20004000                PROVIDE (__cy_stack, (ORIGIN (ram) + 0x4000))
                0x20003800                PROVIDE (__cy_heap_end, (__cy_stack - 0x800))

.cybootloader   0x00000000        0x0
 *(.cybootloader)
                0x00000000                appl1_start = CY_APPL_ORIGIN?CY_APPL_ORIGIN:ALIGN (CY_FLASH_ROW_SIZE)
                0x0000ff80                appl2_start = (appl1_start + ALIGN ((((0x20000 - appl1_start) - (0x2 * CY_FLASH_ROW_SIZE)) / 0x2), CY_FLASH_ROW_SIZE))
                0x00000000                appl_start = (CY_APPL_NUM == 0x1)?appl1_start:appl2_start

.text           0x00000000     0x3d6c
 CREATE_OBJECT_SYMBOLS
                0x00000000                PROVIDE (__cy_interrupt_vector, RomVectors)
 *(.romvectors)
 .romvectors    0x00000000       0x10 .\CortexM0\ARM_GCC_484\Debug\Cm0Start.o
                0x00000000                RomVectors
                0x00000001                ASSERT ((. != __cy_interrupt_vector), No interrupt vector)
                0x00000001                ASSERT (CY_APPL_ORIGIN?(SIZEOF (.cybootloader) <= CY_APPL_ORIGIN):0x1, Wrong image location)
                0x00000010                PROVIDE (__cy_reset, Reset)
 *(.text.Reset)
 .text.Reset    0x00000010        0x8 .\CortexM0\ARM_GCC_484\Debug\Cm0Start.o
                0x00000010                Reset
                0x00000001                ASSERT ((. != __cy_reset), No reset code)
 *(.psocinit)
 .psocinit      0x00000018      0x294 .\CortexM0\ARM_GCC_484\Debug\Client and Server-Central.a(cyfitter_cfg.o)
                0x00000194                cyfitter_cfg
                0x000002ac                . = MAX (., 0x100)
 *(.text .text.* .gnu.linkonce.t.*)
 .text          0x000002ac       0x60 c:/program files (x86)/cypress/psoc creator/3.1/psoc creator/import/gnu_cs/arm/4.8.4/bin/../lib/gcc/arm-none-eabi/4.8.4/armv6-m/crtbegin.o
 .text.StackEventHandler
                0x0000030c      0x27c .\CortexM0\ARM_GCC_484\Debug\main.o
                0x0000030c                StackEventHandler
 .text.main     0x00000588       0xfc .\CortexM0\ARM_GCC_484\Debug\main.o
                0x00000588                main
 .text._write   0x00000684       0x38 .\CortexM0\ARM_GCC_484\Debug\common.o
                0x00000684                _write
 .text.TpsServiceAppEventHandler
                0x000006bc       0xb4 .\CortexM0\ARM_GCC_484\Debug\tps.o
                0x000006bc                TpsServiceAppEventHandler
 .text.IntDefaultHandler
                0x00000770        0x8 .\CortexM0\ARM_GCC_484\Debug\Cm0Start.o
                0x00000770                IntDefaultHandler
 .text._sbrk    0x00000778       0x54 .\CortexM0\ARM_GCC_484\Debug\Cm0Start.o
                0x00000778                _sbrk
 .text.Start_c  0x000007cc       0x98 .\CortexM0\ARM_GCC_484\Debug\Cm0Start.o
                0x000007cc                Start_c
 .text.initialize_psoc
                0x00000864       0x70 .\CortexM0\ARM_GCC_484\Debug\Cm0Start.o
                0x00000864                initialize_psoc
 .text.CYMEMZERO
                0x000008d4       0x20 .\CortexM0\ARM_GCC_484\Debug\Client and Server-Central.a(cyfitter_cfg.o)
 .text.AnalogSetDefault
                0x000008f4       0x28 .\CortexM0\ARM_GCC_484\Debug\Client and Server-Central.a(cyfitter_cfg.o)
 .text.CyBle_Init
                0x0000091c       0x8c .\CortexM0\ARM_GCC_484\Debug\Client and Server-Central.a(BLE.o)
                0x0000091c                CyBle_Init
 .text.CyBle_ServiceInit
                0x000009a8       0x30 .\CortexM0\ARM_GCC_484\Debug\Client and Server-Central.a(BLE.o)
                0x000009a8                CyBle_ServiceInit
 .text.CyBle_Start
                0x000009d8       0x9c .\CortexM0\ARM_GCC_484\Debug\Client and Server-Central.a(BLE.o)
                0x000009d8                CyBle_Start
 .text.CyBle_GapcStartScan
                0x00000a74       0x94 .\CortexM0\ARM_GCC_484\Debug\Client and Server-Central.a(BLE.o)
                0x00000a74                CyBle_GapcStartScan
 .text.CyBle_GapcStopScan
                0x00000b08       0x20 .\CortexM0\ARM_GCC_484\Debug\Client and Server-Central.a(BLE.o)
                0x00000b08                CyBle_GapcStopScan
 .text.CyBle_GapcConnectDevice
                0x00000b28       0xb8 .\CortexM0\ARM_GCC_484\Debug\Client and Server-Central.a(BLE.o)
                0x00000b28                CyBle_GapcConnectDevice
 .text.CyBle_GapcCancelDeviceConnection
                0x00000be0       0x40 .\CortexM0\ARM_GCC_484\Debug\Client and Server-Central.a(BLE.o)
                0x00000be0                CyBle_GapcCancelDeviceConnection
 .text.CyBle_Get16ByPtr
                0x00000c20       0x24 .\CortexM0\ARM_GCC_484\Debug\Client and Server-Central.a(BLE.o)
                0x00000c20                CyBle_Get16ByPtr
 .text.CyBle_GattsWriteEventHandler
                0x00000c44       0xa0 .\CortexM0\ARM_GCC_484\Debug\Client and Server-Central.a(BLE_gatt.o)
                0x00000c44                CyBle_GattsWriteEventHandler
 .text.CyBle_GattcStartDiscovery
                0x00000ce4       0xd0 .\CortexM0\ARM_GCC_484\Debug\Client and Server-Central.a(BLE_gatt.o)
                0x00000ce4                CyBle_GattcStartDiscovery
 .text.CyBle_GattcDiscoverCharacteristicsEventHandler
                0x00000db4       0x50 .\CortexM0\ARM_GCC_484\Debug\Client and Server-Central.a(BLE_gatt.o)
                0x00000db4                CyBle_GattcDiscoverCharacteristicsEventHandler
 .text.CyBle_GattcDiscoverCharDescriptorsEventHandler
                0x00000e04       0x48 .\CortexM0\ARM_GCC_484\Debug\Client and Server-Central.a(BLE_gatt.o)
                0x00000e04                CyBle_GattcDiscoverCharDescriptorsEventHandler
 .text.CyBle_GattcIndicationEventHandler
                0x00000e4c       0x48 .\CortexM0\ARM_GCC_484\Debug\Client and Server-Central.a(BLE_gatt.o)
                0x00000e4c                CyBle_GattcIndicationEventHandler
 .text.CyBle_TpsInit
                0x00000e94       0x24 .\CortexM0\ARM_GCC_484\Debug\Client and Server-Central.a(BLE_tps.o)
                0x00000e94                CyBle_TpsInit
 .text.CyBle_TpsRegisterAttrCallback
                0x00000eb8       0x18 .\CortexM0\ARM_GCC_484\Debug\Client and Server-Central.a(BLE_tps.o)
                0x00000eb8                CyBle_TpsRegisterAttrCallback
 .text.CyBle_TpscDiscoverCharacteristicsEventHandler
                0x00000ed0       0x58 .\CortexM0\ARM_GCC_484\Debug\Client and Server-Central.a(BLE_tps.o)
                0x00000ed0                CyBle_TpscDiscoverCharacteristicsEventHandler
 .text.CyBle_TpscDiscoverCharDescriptorsEventHandler
                0x00000f28       0x48 .\CortexM0\ARM_GCC_484\Debug\Client and Server-Central.a(BLE_tps.o)
                0x00000f28                CyBle_TpscDiscoverCharDescriptorsEventHandler
 .text.CyBle_TpscNotificationEventHandler
                0x00000f70       0x70 .\CortexM0\ARM_GCC_484\Debug\Client and Server-Central.a(BLE_tps.o)
                0x00000f70                CyBle_TpscNotificationEventHandler
 .text.CyBle_TpscReadResponseEventHandler
                0x00000fe0       0xdc .\CortexM0\ARM_GCC_484\Debug\Client and Server-Central.a(BLE_tps.o)
                0x00000fe0                CyBle_TpscReadResponseEventHandler
 .text.CyBle_TpscWriteResponseEventHandler
                0x000010bc       0x90 .\CortexM0\ARM_GCC_484\Debug\Client and Server-Central.a(BLE_tps.o)
                0x000010bc                CyBle_TpscWriteResponseEventHandler
 .text.CyBle_TpscErrorResponseEventHandler
                0x0000114c       0x24 .\CortexM0\ARM_GCC_484\Debug\Client and Server-Central.a(BLE_tps.o)
                0x0000114c                CyBle_TpscErrorResponseEventHandler
 .text.CyBle_TpscGetCharacteristicValue
                0x00001170       0x74 .\CortexM0\ARM_GCC_484\Debug\Client and Server-Central.a(BLE_tps.o)
                0x00001170                CyBle_TpscGetCharacteristicValue
 .text.CyBle_TpscSetCharacteristicDescriptor
                0x000011e4       0xb4 .\CortexM0\ARM_GCC_484\Debug\Client and Server-Central.a(BLE_tps.o)
                0x000011e4                CyBle_TpscSetCharacteristicDescriptor
 .text.CyBle_WriteReqHandler
                0x00001298       0x70 .\CortexM0\ARM_GCC_484\Debug\Client and Server-Central.a(BLE_eventHandler.o)
 .text.CyBle_ValueConfirmation
                0x00001308       0x10 .\CortexM0\ARM_GCC_484\Debug\Client and Server-Central.a(BLE_eventHandler.o)
 .text.CyBle_GattcWriteResponseEventHandler
                0x00001318       0x28 .\CortexM0\ARM_GCC_484\Debug\Client and Server-Central.a(BLE_eventHandler.o)
 .text.CyBle_NotificationEventHandler
                0x00001340       0x28 .\CortexM0\ARM_GCC_484\Debug\Client and Server-Central.a(BLE_eventHandler.o)
 .text.CyBle_IndicationEventHandler
                0x00001368       0x10 .\CortexM0\ARM_GCC_484\Debug\Client and Server-Central.a(BLE_eventHandler.o)
 .text.CyBle_ReadResponseEventHandler
                0x00001378       0x28 .\CortexM0\ARM_GCC_484\Debug\Client and Server-Central.a(BLE_eventHandler.o)
 .text.CyBle_GattDisconnectEventHandler
                0x000013a0       0x34 .\CortexM0\ARM_GCC_484\Debug\Client and Server-Central.a(BLE_eventHandler.o)
 .text.CyBle_TimeOutEventHandler
                0x000013d4       0xb8 .\CortexM0\ARM_GCC_484\Debug\Client and Server-Central.a(BLE_eventHandler.o)
 .text.CyBle_GattConnectReqHandler
                0x0000148c        0x8 .\CortexM0\ARM_GCC_484\Debug\Client and Server-Central.a(BLE_eventHandler.o)
 .text.CyBle_IsDeviceAddressValid
                0x00001494       0x60 .\CortexM0\ARM_GCC_484\Debug\Client and Server-Central.a(BLE_eventHandler.o)
 .text.CyBle_L2Cap_ConnParamUpdateRspEventHandler
                0x000014f4       0x14 .\CortexM0\ARM_GCC_484\Debug\Client and Server-Central.a(BLE_eventHandler.o)
 .text.CyBle_GapConnUpdateCompleteEventHandler
                0x00001508       0x10 .\CortexM0\ARM_GCC_484\Debug\Client and Server-Central.a(BLE_eventHandler.o)
 .text.CyBle_EventHandler
                0x00001518      0x354 .\CortexM0\ARM_GCC_484\Debug\Client and Server-Central.a(BLE_eventHandler.o)
                0x00001518                CyBle_EventHandler
 .text.CyBle_ReadByGroupEventHandler
                0x0000186c      0x1fc .\CortexM0\ARM_GCC_484\Debug\Client and Server-Central.a(BLE_eventHandler.o)
                0x0000186c                CyBle_ReadByGroupEventHandler
 .text.CyBle_NextInclDiscovery
                0x00001a68       0x80 .\CortexM0\ARM_GCC_484\Debug\Client and Server-Central.a(BLE_eventHandler.o)
                0x00001a68                CyBle_NextInclDiscovery
 .text.CyBle_GapcDiscoverCharacteristicsEventHandler
                0x00001ae8       0xf8 .\CortexM0\ARM_GCC_484\Debug\Client and Server-Central.a(BLE_eventHandler.o)
 .text.CyBle_ReadByTypeEventHandler
                0x00001be0      0x47c .\CortexM0\ARM_GCC_484\Debug\Client and Server-Central.a(BLE_eventHandler.o)
                0x00001be0                CyBle_ReadByTypeEventHandler
 .text.CyBle_NextCharDiscovery
                0x0000205c       0x8c .\CortexM0\ARM_GCC_484\Debug\Client and Server-Central.a(BLE_eventHandler.o)
                0x0000205c                CyBle_NextCharDiscovery
 .text.CyBle_GetCharRange
                0x000020e8       0x8c .\CortexM0\ARM_GCC_484\Debug\Client and Server-Central.a(BLE_eventHandler.o)
 .text.CyBle_FindInfoEventHandler
                0x00002174      0x1a4 .\CortexM0\ARM_GCC_484\Debug\Client and Server-Central.a(BLE_eventHandler.o)
                0x00002174                CyBle_FindInfoEventHandler
 .text.CyBle_NextCharDscrDiscovery
                0x00002318       0x94 .\CortexM0\ARM_GCC_484\Debug\Client and Server-Central.a(BLE_eventHandler.o)
                0x00002318                CyBle_NextCharDscrDiscovery
 .text.CyBle_ErrorResponseEventHandler
                0x000023ac      0x2e0 .\CortexM0\ARM_GCC_484\Debug\Client and Server-Central.a(BLE_eventHandler.o)
                0x000023ac                CyBle_ErrorResponseEventHandler
 .text.CyBle_DisInit
                0x0000268c        0x8 .\CortexM0\ARM_GCC_484\Debug\Client and Server-Central.a(BLE_dis.o)
                0x0000268c                CyBle_DisInit
 .text.CyBle_DissSetCharacteristicValue
                0x00002694       0x84 .\CortexM0\ARM_GCC_484\Debug\Client and Server-Central.a(BLE_dis.o)
                0x00002694                CyBle_DissSetCharacteristicValue
 .text.UART_Init
                0x00002718        0xc .\CortexM0\ARM_GCC_484\Debug\Client and Server-Central.a(UART.o)
                0x00002718                UART_Init
 .text.UART_Enable
                0x00002724       0x20 .\CortexM0\ARM_GCC_484\Debug\Client and Server-Central.a(UART.o)
                0x00002724                UART_Enable
 .text.UART_Start
                0x00002744       0x24 .\CortexM0\ARM_GCC_484\Debug\Client and Server-Central.a(UART.o)
                0x00002744                UART_Start
 .text.UART_ScbEnableIntr
                0x00002768        0x8 .\CortexM0\ARM_GCC_484\Debug\Client and Server-Central.a(UART.o)
 .text.UART_SpiUartReadRxData
                0x00002770       0x20 .\CortexM0\ARM_GCC_484\Debug\Client and Server-Central.a(UART_SPI_UART.o)
                0x00002770                UART_SpiUartReadRxData
 .text.UART_SpiUartGetRxBufferSize
                0x00002790       0x20 .\CortexM0\ARM_GCC_484\Debug\Client and Server-Central.a(UART_SPI_UART.o)
                0x00002790                UART_SpiUartGetRxBufferSize
 .text.UART_SpiUartWriteTxData
                0x000027b0       0x2c .\CortexM0\ARM_GCC_484\Debug\Client and Server-Central.a(UART_SPI_UART.o)
                0x000027b0                UART_SpiUartWriteTxData
 .text.UART_UartInit
                0x000027dc       0xb0 .\CortexM0\ARM_GCC_484\Debug\Client and Server-Central.a(UART_UART.o)
                0x000027dc                UART_UartInit
 .text.UART_UartGetChar
                0x0000288c       0x44 .\CortexM0\ARM_GCC_484\Debug\Client and Server-Central.a(UART_UART.o)
                0x0000288c                UART_UartGetChar
 .text.CySysClkWcoSetHighPowerMode
                0x000028d0       0x3c .\CortexM0\ARM_GCC_484\Debug\Client and Server-Central.a(CyLib.o)
 .text.CySysClkWcoSetLowPowerMode
                0x0000290c       0x48 .\CortexM0\ARM_GCC_484\Debug\Client and Server-Central.a(CyLib.o)
 .text.CySysClkEcoStart
                0x00002954       0x74 .\CortexM0\ARM_GCC_484\Debug\Client and Server-Central.a(CyLib.o)
                0x00002954                CySysClkEcoStart
 .text.CySysClkEcoReadStatus
                0x000029c8       0x18 .\CortexM0\ARM_GCC_484\Debug\Client and Server-Central.a(CyLib.o)
                0x000029c8                CySysClkEcoReadStatus
 .text.CySysClkWcoStart
                0x000029e0       0x20 .\CortexM0\ARM_GCC_484\Debug\Client and Server-Central.a(CyLib.o)
                0x000029e0                CySysClkWcoStart
 .text.CySysClkWcoSetPowerMode
                0x00002a00       0x40 .\CortexM0\ARM_GCC_484\Debug\Client and Server-Central.a(CyLib.o)
                0x00002a00                CySysClkWcoSetPowerMode
 .text.CyHalt   0x00002a40       0x14 .\CortexM0\ARM_GCC_484\Debug\Client and Server-Central.a(CyLib.o)
                0x00002a40                CyHalt
 .text.CyDelay  0x00002a54       0x48 .\CortexM0\ARM_GCC_484\Debug\Client and Server-Central.a(CyLib.o)
                0x00002a54                CyDelay
 .text.CyDelayUs
                0x00002a9c       0x28 .\CortexM0\ARM_GCC_484\Debug\Client and Server-Central.a(CyLib.o)
                0x00002a9c                CyDelayUs
 *fill*         0x00002ac4        0x4 
 .text          0x00002ac8       0x20 .\CortexM0\ARM_GCC_484\Debug\Client and Server-Central.a(CyBootAsmGnu.o)
                0x00002ac8                CyDelayCycles
                0x00002ada                CyEnterCriticalSection
                0x00002ae2                CyExitCriticalSection
 .text.CyBLE_Bless_LlRegWrite
                0x00002ae8       0x1c .\CortexM0\ARM_GCC_484\Debug\Client and Server-Central.a(BLE_HAL_PVT.o)
                0x00002ae8                CyBLE_Bless_LlRegWrite
 .text.CyBLE_Bless_RfRegWrite
                0x00002b04       0x1c .\CortexM0\ARM_GCC_484\Debug\Client and Server-Central.a(BLE_HAL_PVT.o)
                0x00002b04                CyBLE_Bless_RfRegWrite
 .text.CyBleHal_DelayUs
                0x00002b20       0x1c .\CortexM0\ARM_GCC_484\Debug\Client and Server-Central.a(BLE_HAL_PVT.o)
                0x00002b20                CyBleHal_DelayUs
 .text.CyBleHal_EnableGlobalInterrupts
                0x00002b3c        0xc .\CortexM0\ARM_GCC_484\Debug\Client and Server-Central.a(BLE_HAL_PVT.o)
                0x00002b3c                CyBleHal_EnableGlobalInterrupts
 .text.CyBleHal_DisableGlobalInterrupts
                0x00002b48        0xc .\CortexM0\ARM_GCC_484\Debug\Client and Server-Central.a(BLE_HAL_PVT.o)
                0x00002b48                CyBleHal_DisableGlobalInterrupts
 .text.CyBle_HalInit
                0x00002b54       0x20 .\CortexM0\ARM_GCC_484\Debug\Client and Server-Central.a(BLE_HAL_PVT.o)
                0x00002b54                CyBle_HalInit
 .text.CYBLE_BlessStart
                0x00002b74       0x14 .\CortexM0\ARM_GCC_484\Debug\Client and Server-Central.a(BLE_HAL_PVT.o)
                0x00002b74                CYBLE_BlessStart
 .text.BLE_bless_isr_StartEx
                0x00002b88       0x24 .\CortexM0\ARM_GCC_484\Debug\Client and Server-Central.a(BLE_bless_isr.o)
                0x00002b88                BLE_bless_isr_StartEx
 .text.BLE_bless_isr_SetVector
                0x00002bac       0x18 .\CortexM0\ARM_GCC_484\Debug\Client and Server-Central.a(BLE_bless_isr.o)
                0x00002bac                BLE_bless_isr_SetVector
 .text.BLE_bless_isr_SetPriority
                0x00002bc4       0x50 .\CortexM0\ARM_GCC_484\Debug\Client and Server-Central.a(BLE_bless_isr.o)
                0x00002bc4                BLE_bless_isr_SetPriority
 .text.BLE_bless_isr_Enable
                0x00002c14       0x14 .\CortexM0\ARM_GCC_484\Debug\Client and Server-Central.a(BLE_bless_isr.o)
                0x00002c14                BLE_bless_isr_Enable
 .text.BLE_bless_isr_Disable
                0x00002c28       0x14 .\CortexM0\ARM_GCC_484\Debug\Client and Server-Central.a(BLE_bless_isr.o)
                0x00002c28                BLE_bless_isr_Disable
 .text.CySysPmSleep
                0x00002c3c       0x34 .\CortexM0\ARM_GCC_484\Debug\Client and Server-Central.a(cyPm.o)
                0x00002c3c                CySysPmSleep
 .text.CyBLE_Bless_Interrupt
                0x00002c70        0xc .\CortexM0\ARM_GCC_484\Debug\Client and Server-Central.a(BLE_HAL_INT.o)
                0x00002c70                CyBLE_Bless_Interrupt
 .text          0x00002c7c       0x9c c:/program files (x86)/cypress/psoc creator/3.1/psoc creator/import/gnu_cs/arm/4.8.4/bin/../lib/gcc/arm-none-eabi/4.8.4/armv6-m\libgcc.a(_udivsi3.o)
                0x00002c7c                __aeabi_uidiv
                0x00002c7c                __udivsi3
                0x00002d04                __aeabi_uidivmod
 .text          0x00002d18       0xc0 c:/program files (x86)/cypress/psoc creator/3.1/psoc creator/import/gnu_cs/arm/4.8.4/bin/../lib/gcc/arm-none-eabi/4.8.4/armv6-m\libgcc.a(_divsi3.o)
                0x00002d18                __divsi3
                0x00002d18                __aeabi_idiv
                0x00002dc4                __aeabi_idivmod
 .text          0x00002dd8        0x4 c:/program files (x86)/cypress/psoc creator/3.1/psoc creator/import/gnu_cs/arm/4.8.4/bin/../lib/gcc/arm-none-eabi/4.8.4/armv6-m\libgcc.a(_dvmd_tls.o)
                0x00002dd8                __aeabi_idiv0
                0x00002dd8                __aeabi_ldiv0
 .text.__errno  0x00002ddc        0xc c:/program files (x86)/cypress/psoc creator/3.1/psoc creator/import/gnu_cs/arm/4.8.4/bin/../lib/gcc/arm-none-eabi/4.8.4/../../../../arm-none-eabi/lib/armv6-m\libg_s.a(lib_a-errno.o)
                0x00002ddc                __errno
 .text.__libc_init_array
                0x00002de8       0x4c c:/program files (x86)/cypress/psoc creator/3.1/psoc creator/import/gnu_cs/arm/4.8.4/bin/../lib/gcc/arm-none-eabi/4.8.4/../../../../arm-none-eabi/lib/armv6-m\libg_s.a(lib_a-init.o)
                0x00002de8                __libc_init_array
 .text.memcmp   0x00002e34       0x1e c:/program files (x86)/cypress/psoc creator/3.1/psoc creator/import/gnu_cs/arm/4.8.4/bin/../lib/gcc/arm-none-eabi/4.8.4/../../../../arm-none-eabi/lib/armv6-m\libg_s.a(lib_a-memcmp.o)
                0x00002e34                memcmp
 .text.memcpy   0x00002e52       0x12 c:/program files (x86)/cypress/psoc creator/3.1/psoc creator/import/gnu_cs/arm/4.8.4/bin/../lib/gcc/arm-none-eabi/4.8.4/../../../../arm-none-eabi/lib/armv6-m\libg_s.a(lib_a-memcpy-stub.o)
                0x00002e52                memcpy
 .text.memset   0x00002e64       0x10 c:/program files (x86)/cypress/psoc creator/3.1/psoc creator/import/gnu_cs/arm/4.8.4/bin/../lib/gcc/arm-none-eabi/4.8.4/../../../../arm-none-eabi/lib/armv6-m\libg_s.a(lib_a-memset.o)
                0x00002e64                memset
 .text.printf   0x00002e74       0x34 c:/program files (x86)/cypress/psoc creator/3.1/psoc creator/import/gnu_cs/arm/4.8.4/bin/../lib/gcc/arm-none-eabi/4.8.4/../../../../arm-none-eabi/lib/armv6-m\libg_s.a(lib_a-printf.o)
                0x00002e74                iprintf
                0x00002e74                printf
 .text._puts_r  0x00002ea8       0xc2 c:/program files (x86)/cypress/psoc creator/3.1/psoc creator/import/gnu_cs/arm/4.8.4/bin/../lib/gcc/arm-none-eabi/4.8.4/../../../../arm-none-eabi/lib/armv6-m\libg_s.a(lib_a-puts.o)
                0x00002ea8                _puts_r
 *fill*         0x00002f6a        0x2 
 .text.puts     0x00002f6c       0x14 c:/program files (x86)/cypress/psoc creator/3.1/psoc creator/import/gnu_cs/arm/4.8.4/bin/../lib/gcc/arm-none-eabi/4.8.4/../../../../arm-none-eabi/lib/armv6-m\libg_s.a(lib_a-puts.o)
                0x00002f6c                puts
 .text.__sfputc_r
                0x00002f80       0x2a c:/program files (x86)/cypress/psoc creator/3.1/psoc creator/import/gnu_cs/arm/4.8.4/bin/../lib/gcc/arm-none-eabi/4.8.4/../../../../arm-none-eabi/lib/armv6-m\libg_s.a(lib_a-vfprintf.o)
 .text.__sfputs_r
                0x00002faa       0x24 c:/program files (x86)/cypress/psoc creator/3.1/psoc creator/import/gnu_cs/arm/4.8.4/bin/../lib/gcc/arm-none-eabi/4.8.4/../../../../arm-none-eabi/lib/armv6-m\libg_s.a(lib_a-vfprintf.o)
                0x00002faa                __sfputs_r
 *fill*         0x00002fce        0x2 
 .text._vfprintf_r
                0x00002fd0      0x210 c:/program files (x86)/cypress/psoc creator/3.1/psoc creator/import/gnu_cs/arm/4.8.4/bin/../lib/gcc/arm-none-eabi/4.8.4/../../../../arm-none-eabi/lib/armv6-m\libg_s.a(lib_a-vfprintf.o)
                0x00002fd0                _vfprintf_r
                0x00002fd0                _vfiprintf_r
 .text._printf_common
                0x000031e0       0xe8 c:/program files (x86)/cypress/psoc creator/3.1/psoc creator/import/gnu_cs/arm/4.8.4/bin/../lib/gcc/arm-none-eabi/4.8.4/../../../../arm-none-eabi/lib/armv6-m\libg_s.a(lib_a-vfprintf_i.o)
                0x000031e0                _printf_common
 .text._printf_i
                0x000032c8      0x22c c:/program files (x86)/cypress/psoc creator/3.1/psoc creator/import/gnu_cs/arm/4.8.4/bin/../lib/gcc/arm-none-eabi/4.8.4/../../../../arm-none-eabi/lib/armv6-m\libg_s.a(lib_a-vfprintf_i.o)
                0x000032c8                _printf_i
 .text.__swbuf_r
                0x000034f4       0xb0 c:/program files (x86)/cypress/psoc creator/3.1/psoc creator/import/gnu_cs/arm/4.8.4/bin/../lib/gcc/arm-none-eabi/4.8.4/../../../../arm-none-eabi/lib/armv6-m\libg_s.a(lib_a-wbuf.o)
                0x000034f4                __swbuf_r
 .text.__swsetup_r
                0x000035a4       0xe4 c:/program files (x86)/cypress/psoc creator/3.1/psoc creator/import/gnu_cs/arm/4.8.4/bin/../lib/gcc/arm-none-eabi/4.8.4/../../../../arm-none-eabi/lib/armv6-m\libg_s.a(lib_a-wsetup.o)
                0x000035a4                __swsetup_r
 .text.__sflush_r
                0x00003688      0x112 c:/program files (x86)/cypress/psoc creator/3.1/psoc creator/import/gnu_cs/arm/4.8.4/bin/../lib/gcc/arm-none-eabi/4.8.4/../../../../arm-none-eabi/lib/armv6-m\libg_s.a(lib_a-fflush.o)
                0x00003688                __sflush_r
 *fill*         0x0000379a        0x2 
 .text._fflush_r
                0x0000379c       0x58 c:/program files (x86)/cypress/psoc creator/3.1/psoc creator/import/gnu_cs/arm/4.8.4/bin/../lib/gcc/arm-none-eabi/4.8.4/../../../../arm-none-eabi/lib/armv6-m\libg_s.a(lib_a-fflush.o)
                0x0000379c                _fflush_r
 .text._cleanup_r
                0x000037f4       0x34 c:/program files (x86)/cypress/psoc creator/3.1/psoc creator/import/gnu_cs/arm/4.8.4/bin/../lib/gcc/arm-none-eabi/4.8.4/../../../../arm-none-eabi/lib/armv6-m\libg_s.a(lib_a-findfp.o)
                0x000037f4                _cleanup_r
 .text.std.isra.0
                0x00003828       0x48 c:/program files (x86)/cypress/psoc creator/3.1/psoc creator/import/gnu_cs/arm/4.8.4/bin/../lib/gcc/arm-none-eabi/4.8.4/../../../../arm-none-eabi/lib/armv6-m\libg_s.a(lib_a-findfp.o)
 .text.__sfmoreglue
                0x00003870       0x2c c:/program files (x86)/cypress/psoc creator/3.1/psoc creator/import/gnu_cs/arm/4.8.4/bin/../lib/gcc/arm-none-eabi/4.8.4/../../../../arm-none-eabi/lib/armv6-m\libg_s.a(lib_a-findfp.o)
                0x00003870                __sfmoreglue
 .text.__sinit  0x0000389c       0x64 c:/program files (x86)/cypress/psoc creator/3.1/psoc creator/import/gnu_cs/arm/4.8.4/bin/../lib/gcc/arm-none-eabi/4.8.4/../../../../arm-none-eabi/lib/armv6-m\libg_s.a(lib_a-findfp.o)
                0x0000389c                __sinit
 .text.__sfp    0x00003900       0x7c c:/program files (x86)/cypress/psoc creator/3.1/psoc creator/import/gnu_cs/arm/4.8.4/bin/../lib/gcc/arm-none-eabi/4.8.4/../../../../arm-none-eabi/lib/armv6-m\libg_s.a(lib_a-findfp.o)
                0x00003900                __sfp
 .text.__smakebuf_r
                0x0000397c       0xa0 c:/program files (x86)/cypress/psoc creator/3.1/psoc creator/import/gnu_cs/arm/4.8.4/bin/../lib/gcc/arm-none-eabi/4.8.4/../../../../arm-none-eabi/lib/armv6-m\libg_s.a(lib_a-makebuf.o)
                0x0000397c                __smakebuf_r
 .text.memchr   0x00003a1c       0x16 c:/program files (x86)/cypress/psoc creator/3.1/psoc creator/import/gnu_cs/arm/4.8.4/bin/../lib/gcc/arm-none-eabi/4.8.4/../../../../arm-none-eabi/lib/armv6-m\libg_s.a(lib_a-memchr-stub.o)
                0x00003a1c                memchr
 *fill*         0x00003a32        0x2 
 .text._free_r  0x00003a34       0x90 c:/program files (x86)/cypress/psoc creator/3.1/psoc creator/import/gnu_cs/arm/4.8.4/bin/../lib/gcc/arm-none-eabi/4.8.4/../../../../arm-none-eabi/lib/armv6-m\libg_s.a(lib_a-nano-freer.o)
                0x00003a34                _free_r
 .text._malloc_r
                0x00003ac4       0xa8 c:/program files (x86)/cypress/psoc creator/3.1/psoc creator/import/gnu_cs/arm/4.8.4/bin/../lib/gcc/arm-none-eabi/4.8.4/../../../../arm-none-eabi/lib/armv6-m\libg_s.a(lib_a-nano-mallocr.o)
                0x00003ac4                _malloc_r
 .text._sbrk_r  0x00003b6c       0x24 c:/program files (x86)/cypress/psoc creator/3.1/psoc creator/import/gnu_cs/arm/4.8.4/bin/../lib/gcc/arm-none-eabi/4.8.4/../../../../arm-none-eabi/lib/armv6-m\libg_s.a(lib_a-sbrkr.o)
                0x00003b6c                _sbrk_r
 .text.__sread  0x00003b90       0x28 c:/program files (x86)/cypress/psoc creator/3.1/psoc creator/import/gnu_cs/arm/4.8.4/bin/../lib/gcc/arm-none-eabi/4.8.4/../../../../arm-none-eabi/lib/armv6-m\libg_s.a(lib_a-stdio.o)
                0x00003b90                __sread
 .text.__swrite
                0x00003bb8       0x38 c:/program files (x86)/cypress/psoc creator/3.1/psoc creator/import/gnu_cs/arm/4.8.4/bin/../lib/gcc/arm-none-eabi/4.8.4/../../../../arm-none-eabi/lib/armv6-m\libg_s.a(lib_a-stdio.o)
                0x00003bb8                __swrite
 .text.__sseek  0x00003bf0       0x2c c:/program files (x86)/cypress/psoc creator/3.1/psoc creator/import/gnu_cs/arm/4.8.4/bin/../lib/gcc/arm-none-eabi/4.8.4/../../../../arm-none-eabi/lib/armv6-m\libg_s.a(lib_a-stdio.o)
                0x00003bf0                __sseek
 .text.__sclose
                0x00003c1c        0xc c:/program files (x86)/cypress/psoc creator/3.1/psoc creator/import/gnu_cs/arm/4.8.4/bin/../lib/gcc/arm-none-eabi/4.8.4/../../../../arm-none-eabi/lib/armv6-m\libg_s.a(lib_a-stdio.o)
                0x00003c1c                __sclose
 .text.strlen   0x00003c28        0xe c:/program files (x86)/cypress/psoc creator/3.1/psoc creator/import/gnu_cs/arm/4.8.4/bin/../lib/gcc/arm-none-eabi/4.8.4/../../../../arm-none-eabi/lib/armv6-m\libg_s.a(lib_a-strlen.o)
                0x00003c28                strlen
 *fill*         0x00003c36        0x2 
 .text._write_r
                0x00003c38       0x28 c:/program files (x86)/cypress/psoc creator/3.1/psoc creator/import/gnu_cs/arm/4.8.4/bin/../lib/gcc/arm-none-eabi/4.8.4/../../../../arm-none-eabi/lib/armv6-m\libg_s.a(lib_a-writer.o)
                0x00003c38                _write_r
 .text._close_r
                0x00003c60       0x24 c:/program files (x86)/cypress/psoc creator/3.1/psoc creator/import/gnu_cs/arm/4.8.4/bin/../lib/gcc/arm-none-eabi/4.8.4/../../../../arm-none-eabi/lib/armv6-m\libg_s.a(lib_a-closer.o)
                0x00003c60                _close_r
 .text._fstat_r
                0x00003c84       0x24 c:/program files (x86)/cypress/psoc creator/3.1/psoc creator/import/gnu_cs/arm/4.8.4/bin/../lib/gcc/arm-none-eabi/4.8.4/../../../../arm-none-eabi/lib/armv6-m\libg_s.a(lib_a-fstatr.o)
                0x00003c84                _fstat_r
 .text._isatty_r
                0x00003ca8       0x24 c:/program files (x86)/cypress/psoc creator/3.1/psoc creator/import/gnu_cs/arm/4.8.4/bin/../lib/gcc/arm-none-eabi/4.8.4/../../../../arm-none-eabi/lib/armv6-m\libg_s.a(lib_a-isattyr.o)
                0x00003ca8                _isatty_r
 .text._lseek_r
                0x00003ccc       0x28 c:/program files (x86)/cypress/psoc creator/3.1/psoc creator/import/gnu_cs/arm/4.8.4/bin/../lib/gcc/arm-none-eabi/4.8.4/../../../../arm-none-eabi/lib/armv6-m\libg_s.a(lib_a-lseekr.o)
                0x00003ccc                _lseek_r
 .text._read_r  0x00003cf4       0x28 c:/program files (x86)/cypress/psoc creator/3.1/psoc creator/import/gnu_cs/arm/4.8.4/bin/../lib/gcc/arm-none-eabi/4.8.4/../../../../arm-none-eabi/lib/armv6-m\libg_s.a(lib_a-readr.o)
                0x00003cf4                _read_r
 .text._close   0x00003d1c       0x10 c:/program files (x86)/cypress/psoc creator/3.1/psoc creator/import/gnu_cs/arm/4.8.4/bin/../lib/gcc/arm-none-eabi/4.8.4/../../../../arm-none-eabi/lib/armv6-m\libnosys.a(close.o)
                0x00003d1c                _close
 .text._fstat   0x00003d2c       0x10 c:/program files (x86)/cypress/psoc creator/3.1/psoc creator/import/gnu_cs/arm/4.8.4/bin/../lib/gcc/arm-none-eabi/4.8.4/../../../../arm-none-eabi/lib/armv6-m\libnosys.a(fstat.o)
                0x00003d2c                _fstat
 .text._isatty  0x00003d3c       0x10 c:/program files (x86)/cypress/psoc creator/3.1/psoc creator/import/gnu_cs/arm/4.8.4/bin/../lib/gcc/arm-none-eabi/4.8.4/../../../../arm-none-eabi/lib/armv6-m\libnosys.a(isatty.o)
                0x00003d3c                _isatty
 .text._lseek   0x00003d4c       0x10 c:/program files (x86)/cypress/psoc creator/3.1/psoc creator/import/gnu_cs/arm/4.8.4/bin/../lib/gcc/arm-none-eabi/4.8.4/../../../../arm-none-eabi/lib/armv6-m\libnosys.a(lseek.o)
                0x00003d4c                _lseek
 .text._read    0x00003d5c       0x10 c:/program files (x86)/cypress/psoc creator/3.1/psoc creator/import/gnu_cs/arm/4.8.4/bin/../lib/gcc/arm-none-eabi/4.8.4/../../../../arm-none-eabi/lib/armv6-m\libnosys.a(read.o)
                0x00003d5c                _read
 *(.plt)
 *(.gnu.warning)
 *(.glue_7t)
 .glue_7t       0x00000000        0x0 linker stubs
 *(.glue_7)
 .glue_7        0x00000000        0x0 linker stubs
 *(.vfp11_veneer)
 .vfp11_veneer  0x00000000        0x0 linker stubs
 *(.bootloader)
 *(.ARM.extab* .gnu.linkonce.armextab.*)
 *(.gcc_except_table)

.v4_bx          0x00003d6c        0x0
 .v4_bx         0x00000000        0x0 linker stubs

.iplt           0x00003d6c        0x0
 .iplt          0x00000000        0x0 c:/program files (x86)/cypress/psoc creator/3.1/psoc creator/import/gnu_cs/arm/4.8.4/bin/../lib/gcc/arm-none-eabi/4.8.4/armv6-m/crtbegin.o

i.CyBle_ExitLPM
                0x00003d6c        0x8
 i.CyBle_ExitLPM
                0x00003d6c        0x8 C:\Program Files (x86)\Cypress\PSoC Creator\3.1\PSoC Creator\psoc\content\cycomponentlibrary\CyComponentLibrary.cylib\BLE_v1_20\Library\gccCyBLEStack_BLE_SOC_CENTRAL.a(CyBle.o)
                0x00003d6c                CyBle_ExitLPM

i.CyBle_ProcessEvents
                0x00003d74        0x8
 i.CyBle_ProcessEvents
                0x00003d74        0x8 C:\Program Files (x86)\Cypress\PSoC Creator\3.1\PSoC Creator\psoc\content\cycomponentlibrary\CyComponentLibrary.cylib\BLE_v1_20\Library\gccCyBLEStack_BLE_SOC_CENTRAL.a(CyBle.o)
                0x00003d74                CyBle_ProcessEvents

i.CyBle_SetDeviceAddress
                0x00003d7c       0x24
 i.CyBle_SetDeviceAddress
                0x00003d7c       0x24 C:\Program Files (x86)\Cypress\PSoC Creator\3.1\PSoC Creator\psoc\content\cycomponentlibrary\CyComponentLibrary.cylib\BLE_v1_20\Library\gccCyBLEStack_BLE_SOC_CENTRAL.a(CyBle.o)
                0x00003d7c                CyBle_SetDeviceAddress

i.CyBle_StackInit
                0x00003da0       0x84
 i.CyBle_StackInit
                0x00003da0       0x84 C:\Program Files (x86)\Cypress\PSoC Creator\3.1\PSoC Creator\psoc\content\cycomponentlibrary\CyComponentLibrary.cylib\BLE_v1_20\Library\gccCyBLEStack_BLE_SOC_CENTRAL.a(CyBle.o)
                0x00003da0                CyBle_StackInit

i.CyBleStackMgr_BleGetConfigData
                0x00003e24        0x4
 i.CyBleStackMgr_BleGetConfigData
                0x00003e24        0x4 C:\Program Files (x86)\Cypress\PSoC Creator\3.1\PSoC Creator\psoc\content\cycomponentlibrary\CyComponentLibrary.cylib\BLE_v1_20\Library\gccCyBLEStack_BLE_SOC_CENTRAL.a(CyBleStackMgrIP_Interface.o)
                0x00003e24                CyBleStackMgr_BleGetConfigData

i.CyBleStackMgr_BleSetConfigData
                0x00003e28        0x4
 i.CyBleStackMgr_BleSetConfigData
                0x00003e28        0x4 C:\Program Files (x86)\Cypress\PSoC Creator\3.1\PSoC Creator\psoc\content\cycomponentlibrary\CyComponentLibrary.cylib\BLE_v1_20\Library\gccCyBLEStack_BLE_SOC_CENTRAL.a(CyBleStackMgrIP_Interface.o)
                0x00003e28                CyBleStackMgr_BleSetConfigData

i.CyBleStackMgr_Init
                0x00003e2c      0x104
 i.CyBleStackMgr_Init
                0x00003e2c      0x104 C:\Program Files (x86)\Cypress\PSoC Creator\3.1\PSoC Creator\psoc\content\cycomponentlibrary\CyComponentLibrary.cylib\BLE_v1_20\Library\gccCyBLEStack_BLE_SOC_CENTRAL.a(CyBleStackMgrIP_Interface.o)
                0x00003e2c                CyBleStackMgr_Init

i.CyBleStackMgr_ProcessBleEvents
                0x00003f30       0x14
 i.CyBleStackMgr_ProcessBleEvents
                0x00003f30       0x14 C:\Program Files (x86)\Cypress\PSoC Creator\3.1\PSoC Creator\psoc\content\cycomponentlibrary\CyComponentLibrary.cylib\BLE_v1_20\Library\gccCyBLEStack_BLE_SOC_CENTRAL.a(CyBleStackMgrIP_Interface.o)
                0x00003f30                CyBleStackMgr_ProcessBleEvents

i.ble_stack_idle_task_callback
                0x00003f44        0x2
 i.ble_stack_idle_task_callback
                0x00003f44        0x2 C:\Program Files (x86)\Cypress\PSoC Creator\3.1\PSoC Creator\psoc\content\cycomponentlibrary\CyComponentLibrary.cylib\BLE_v1_20\Library\gccCyBLEStack_BLE_SOC_CENTRAL.a(CyBleStackMgrIP_Interface.o)
                0x00003f44                ble_stack_idle_task_callback

i.BT_OSFreeBuf  0x00003f48       0x18
 i.BT_OSFreeBuf
                0x00003f48       0x18 C:\Program Files (x86)\Cypress\PSoC Creator\3.1\PSoC Creator\psoc\content\cycomponentlibrary\CyComponentLibrary.cylib\BLE_v1_20\Library\gccCyBLEStack_BLE_SOC_CENTRAL.a(BT_os.o)
                0x00003f48                BT_OSFreeBuf

i.BT_OSGetBuF   0x00003f60       0x1c
 i.BT_OSGetBuF  0x00003f60       0x1c C:\Program Files (x86)\Cypress\PSoC Creator\3.1\PSoC Creator\psoc\content\cycomponentlibrary\CyComponentLibrary.cylib\BLE_v1_20\Library\gccCyBLEStack_BLE_SOC_CENTRAL.a(BT_os.o)
                0x00003f60                BT_OSGetBuF

i.BT_OSMemCreate
                0x00003f7c       0x1c
 i.BT_OSMemCreate
                0x00003f7c       0x1c C:\Program Files (x86)\Cypress\PSoC Creator\3.1\PSoC Creator\psoc\content\cycomponentlibrary\CyComponentLibrary.cylib\BLE_v1_20\Library\gccCyBLEStack_BLE_SOC_CENTRAL.a(BT_os.o)
                0x00003f7c                BT_OSMemCreate

i.BT_alloc_mem_ext
                0x00003f98       0x34
 i.BT_alloc_mem_ext
                0x00003f98       0x34 C:\Program Files (x86)\Cypress\PSoC Creator\3.1\PSoC Creator\psoc\content\cycomponentlibrary\CyComponentLibrary.cylib\BLE_v1_20\Library\gccCyBLEStack_BLE_SOC_CENTRAL.a(BT_os.o)
                0x00003f98                BT_alloc_mem_ext

i.BT_free_mem   0x00003fcc        0xc
 i.BT_free_mem  0x00003fcc        0xc C:\Program Files (x86)\Cypress\PSoC Creator\3.1\PSoC Creator\psoc\content\cycomponentlibrary\CyComponentLibrary.cylib\BLE_v1_20\Library\gccCyBLEStack_BLE_SOC_CENTRAL.a(BT_os.o)
                0x00003fcc                BT_free_mem

i.bt_stack_init_os
                0x00003fd8       0x34
 i.bt_stack_init_os
                0x00003fd8       0x34 C:\Program Files (x86)\Cypress\PSoC Creator\3.1\PSoC Creator\psoc\content\cycomponentlibrary\CyComponentLibrary.cylib\BLE_v1_20\Library\gccCyBLEStack_BLE_SOC_CENTRAL.a(BT_os.o)
                0x00003fd8                bt_stack_init_os

i.CyBle_CheckBleStackTaskStatus
                0x0000400c        0x4
 i.CyBle_CheckBleStackTaskStatus
                0x0000400c        0x4 C:\Program Files (x86)\Cypress\PSoC Creator\3.1\PSoC Creator\psoc\content\cycomponentlibrary\CyComponentLibrary.cylib\BLE_v1_20\Library\gccCyBLEStack_BLE_SOC_CENTRAL.a(CyBleStackMgr_StackTaskHandler.o)
                0x0000400c                CyBle_CheckBleStackTaskStatus

i.CyBle_CreateBleStackTask
                0x00004010       0x2c
 i.CyBle_CreateBleStackTask
                0x00004010       0x2c C:\Program Files (x86)\Cypress\PSoC Creator\3.1\PSoC Creator\psoc\content\cycomponentlibrary\CyComponentLibrary.cylib\BLE_v1_20\Library\gccCyBLEStack_BLE_SOC_CENTRAL.a(CyBleStackMgr_StackTaskHandler.o)
                0x00004010                CyBle_CreateBleStackTask

i.CyBle_SignalBleStackTask
                0x0000403c       0x50
 i.CyBle_SignalBleStackTask
                0x0000403c       0x50 C:\Program Files (x86)\Cypress\PSoC Creator\3.1\PSoC Creator\psoc\content\cycomponentlibrary\CyComponentLibrary.cylib\BLE_v1_20\Library\gccCyBLEStack_BLE_SOC_CENTRAL.a(CyBleStackMgr_StackTaskHandler.o)
                0x0000403c                CyBle_SignalBleStackTask

i.CyBle_StackTaskHandler
                0x0000408c       0x5c
 i.CyBle_StackTaskHandler
                0x0000408c       0x5c C:\Program Files (x86)\Cypress\PSoC Creator\3.1\PSoC Creator\psoc\content\cycomponentlibrary\CyComponentLibrary.cylib\BLE_v1_20\Library\gccCyBLEStack_BLE_SOC_CENTRAL.a(CyBleStackMgr_StackTaskHandler.o)
                0x0000408c                CyBle_StackTaskHandler

i.__ARM_common_switch8
                0x000040e8       0x1a
 i.__ARM_common_switch8
                0x000040e8       0x1a C:\Program Files (x86)\Cypress\PSoC Creator\3.1\PSoC Creator\psoc\content\cycomponentlibrary\CyComponentLibrary.cylib\BLE_v1_20\Library\gccCyBLEStack_BLE_SOC_CENTRAL.a(CyBleStackMgr_StackTaskHandler.o)
                0x000040e8                __ARM_common_switch8

i.hci_soft_transport_notify_data_received
                0x00004104        0xc
 i.hci_soft_transport_notify_data_received
                0x00004104        0xc C:\Program Files (x86)\Cypress\PSoC Creator\3.1\PSoC Creator\psoc\content\cycomponentlibrary\CyComponentLibrary.cylib\BLE_v1_20\Library\gccCyBLEStack_BLE_SOC_CENTRAL.a(transport_sf.o)
                0x00004104                hci_soft_transport_notify_data_received

i.hci_soft_transport_rx_data
                0x00004110       0x40
 i.hci_soft_transport_rx_data
                0x00004110       0x40 C:\Program Files (x86)\Cypress\PSoC Creator\3.1\PSoC Creator\psoc\content\cycomponentlibrary\CyComponentLibrary.cylib\BLE_v1_20\Library\gccCyBLEStack_BLE_SOC_CENTRAL.a(transport_sf.o)
                0x00004110                hci_soft_transport_rx_data

i.hci_transport_bt_init
                0x00004150        0x2
 i.hci_transport_bt_init
                0x00004150        0x2 C:\Program Files (x86)\Cypress\PSoC Creator\3.1\PSoC Creator\psoc\content\cycomponentlibrary\CyComponentLibrary.cylib\BLE_v1_20\Library\gccCyBLEStack_BLE_SOC_CENTRAL.a(transport_sf.o)
                0x00004150                hci_transport_bt_init

i.hci_transport_init
                0x00004154       0x10
 i.hci_transport_init
                0x00004154       0x10 C:\Program Files (x86)\Cypress\PSoC Creator\3.1\PSoC Creator\psoc\content\cycomponentlibrary\CyComponentLibrary.cylib\BLE_v1_20\Library\gccCyBLEStack_BLE_SOC_CENTRAL.a(transport_sf.o)
                0x00004154                hci_transport_init

i.hci_transport_write_data
                0x00004164       0xd4
 i.hci_transport_write_data
                0x00004164       0xd4 C:\Program Files (x86)\Cypress\PSoC Creator\3.1\PSoC Creator\psoc\content\cycomponentlibrary\CyComponentLibrary.cylib\BLE_v1_20\Library\gccCyBLEStack_BLE_SOC_CENTRAL.a(transport_sf.o)
                0x00004164                hci_transport_write_data

i.pf_hci_soft_transport_write
                0x00004238       0x44
 i.pf_hci_soft_transport_write
                0x00004238       0x44 C:\Program Files (x86)\Cypress\PSoC Creator\3.1\PSoC Creator\psoc\content\cycomponentlibrary\CyComponentLibrary.cylib\BLE_v1_20\Library\gccCyBLEStack_BLE_SOC_CENTRAL.a(transport_sf.o)
                0x00004238                pf_hci_soft_transport_write

i.pf_soft_hci_transport_init
                0x0000427c        0xc
 i.pf_soft_hci_transport_init
                0x0000427c        0xc C:\Program Files (x86)\Cypress\PSoC Creator\3.1\PSoC Creator\psoc\content\cycomponentlibrary\CyComponentLibrary.cylib\BLE_v1_20\Library\gccCyBLEStack_BLE_SOC_CENTRAL.a(transport_sf.o)
                0x0000427c                pf_soft_hci_transport_init

i.CyBleStackMgr_GetTime
                0x00004288       0x14
 i.CyBleStackMgr_GetTime
                0x00004288       0x14 C:\Program Files (x86)\Cypress\PSoC Creator\3.1\PSoC Creator\psoc\content\cycomponentlibrary\CyComponentLibrary.cylib\BLE_v1_20\Library\gccCyBLEStack_BLE_SOC_CENTRAL.a(CyBleStackMgr_PSoCHal.o)
                0x00004288                CyBleStackMgr_GetTime

i.CyBleStackMgr_HalInit
                0x0000429c       0x24
 i.CyBleStackMgr_HalInit
                0x0000429c       0x24 C:\Program Files (x86)\Cypress\PSoC Creator\3.1\PSoC Creator\psoc\content\cycomponentlibrary\CyComponentLibrary.cylib\BLE_v1_20\Library\gccCyBLEStack_BLE_SOC_CENTRAL.a(CyBleStackMgr_PSoCHal.o)
                0x0000429c                CyBleStackMgr_HalInit

i.CyBleStackMgr_HalIntrEnable
                0x000042c0        0x8
 i.CyBleStackMgr_HalIntrEnable
                0x000042c0        0x8 C:\Program Files (x86)\Cypress\PSoC Creator\3.1\PSoC Creator\psoc\content\cycomponentlibrary\CyComponentLibrary.cylib\BLE_v1_20\Library\gccCyBLEStack_BLE_SOC_CENTRAL.a(CyBleStackMgr_PSoCHal.o)
                0x000042c0                CyBleStackMgr_HalIntrEnable

i.CyBleStackMgr_HandleLinkLayerTick
                0x000042c8       0x5c
 i.CyBleStackMgr_HandleLinkLayerTick
                0x000042c8       0x5c C:\Program Files (x86)\Cypress\PSoC Creator\3.1\PSoC Creator\psoc\content\cycomponentlibrary\CyComponentLibrary.cylib\BLE_v1_20\Library\gccCyBLEStack_BLE_SOC_CENTRAL.a(CyBleStackMgr_PSoCHal.o)
                0x000042c8                CyBleStackMgr_HandleLinkLayerTick

i.CyBleStackMgr_HciPortInit
                0x00004324        0xc
 i.CyBleStackMgr_HciPortInit
                0x00004324        0xc C:\Program Files (x86)\Cypress\PSoC Creator\3.1\PSoC Creator\psoc\content\cycomponentlibrary\CyComponentLibrary.cylib\BLE_v1_20\Library\gccCyBLEStack_BLE_SOC_CENTRAL.a(CyBleStackMgr_PSoCHal.o)
                0x00004324                CyBleStackMgr_HciPortInit

i.CyBleStackMgr_HciPortReset
                0x00004330        0x2
 i.CyBleStackMgr_HciPortReset
                0x00004330        0x2 C:\Program Files (x86)\Cypress\PSoC Creator\3.1\PSoC Creator\psoc\content\cycomponentlibrary\CyComponentLibrary.cylib\BLE_v1_20\Library\gccCyBLEStack_BLE_SOC_CENTRAL.a(CyBleStackMgr_PSoCHal.o)
                0x00004330                CyBleStackMgr_HciPortReset

i.CyBleStackMgr_HciPortWrite
                0x00004332        0x8
 i.CyBleStackMgr_HciPortWrite
                0x00004332        0x8 C:\Program Files (x86)\Cypress\PSoC Creator\3.1\PSoC Creator\psoc\content\cycomponentlibrary\CyComponentLibrary.cylib\BLE_v1_20\Library\gccCyBLEStack_BLE_SOC_CENTRAL.a(CyBleStackMgr_PSoCHal.o)
                0x00004332                CyBleStackMgr_HciPortWrite

i.CyBleStackMgr_ResetLinkLayerTimerEntity
                0x0000433c       0x14
 i.CyBleStackMgr_ResetLinkLayerTimerEntity
                0x0000433c       0x14 C:\Program Files (x86)\Cypress\PSoC Creator\3.1\PSoC Creator\psoc\content\cycomponentlibrary\CyComponentLibrary.cylib\BLE_v1_20\Library\gccCyBLEStack_BLE_SOC_CENTRAL.a(CyBleStackMgr_PSoCHal.o)
                0x0000433c                CyBleStackMgr_ResetLinkLayerTimerEntity

i.CyBleStackMgr_TimerStart
                0x00004350       0x2c
 i.CyBleStackMgr_TimerStart
                0x00004350       0x2c C:\Program Files (x86)\Cypress\PSoC Creator\3.1\PSoC Creator\psoc\content\cycomponentlibrary\CyComponentLibrary.cylib\BLE_v1_20\Library\gccCyBLEStack_BLE_SOC_CENTRAL.a(CyBleStackMgr_PSoCHal.o)
                0x00004350                CyBleStackMgr_TimerStart

i.CyBleStackMgr_TimerStop
                0x0000437c       0x18
 i.CyBleStackMgr_TimerStop
                0x0000437c       0x18 C:\Program Files (x86)\Cypress\PSoC Creator\3.1\PSoC Creator\psoc\content\cycomponentlibrary\CyComponentLibrary.cylib\BLE_v1_20\Library\gccCyBLEStack_BLE_SOC_CENTRAL.a(CyBleStackMgr_PSoCHal.o)
                0x0000437c                CyBleStackMgr_TimerStop

i.CyBleStackMgr_isTimerRunning
                0x00004394       0x10
 i.CyBleStackMgr_isTimerRunning
                0x00004394       0x10 C:\Program Files (x86)\Cypress\PSoC Creator\3.1\PSoC Creator\psoc\content\cycomponentlibrary\CyComponentLibrary.cylib\BLE_v1_20\Library\gccCyBLEStack_BLE_SOC_CENTRAL.a(CyBleStackMgr_PSoCHal.o)
                0x00004394                CyBleStackMgr_isTimerRunning

i.CyBleAtlantisRadioInit
                0x000043a4      0x1ac
 i.CyBleAtlantisRadioInit
                0x000043a4      0x1ac C:\Program Files (x86)\Cypress\PSoC Creator\3.1\PSoC Creator\psoc\content\cycomponentlibrary\CyComponentLibrary.cylib\BLE_v1_20\Library\gccCyBLEStack_BLE_SOC_CENTRAL.a(CyBleStackMgr_BleSSDriver.o)

i.CyBleStackMgr_BleSSFifoRead
                0x00004550       0x38
 i.CyBleStackMgr_BleSSFifoRead
                0x00004550       0x38 C:\Program Files (x86)\Cypress\PSoC Creator\3.1\PSoC Creator\psoc\content\cycomponentlibrary\CyComponentLibrary.cylib\BLE_v1_20\Library\gccCyBLEStack_BLE_SOC_CENTRAL.a(CyBleStackMgr_BleSSDriver.o)
                0x00004550                CyBleStackMgr_BleSSFifoRead

i.CyBleStackMgr_BleSSInit
                0x00004588       0x50
 i.CyBleStackMgr_BleSSInit
                0x00004588       0x50 C:\Program Files (x86)\Cypress\PSoC Creator\3.1\PSoC Creator\psoc\content\cycomponentlibrary\CyComponentLibrary.cylib\BLE_v1_20\Library\gccCyBLEStack_BLE_SOC_CENTRAL.a(CyBleStackMgr_BleSSDriver.o)
                0x00004588                CyBleStackMgr_BleSSInit

i.CyBleStackMgr_BleSSMemRead
                0x000045d8       0x26
 i.CyBleStackMgr_BleSSMemRead
                0x000045d8       0x26 C:\Program Files (x86)\Cypress\PSoC Creator\3.1\PSoC Creator\psoc\content\cycomponentlibrary\CyComponentLibrary.cylib\BLE_v1_20\Library\gccCyBLEStack_BLE_SOC_CENTRAL.a(CyBleStackMgr_BleSSDriver.o)
                0x000045d8                CyBleStackMgr_BleSSMemRead

i.CyBleStackMgr_BleSSMemWrite
                0x00004600       0x34
 i.CyBleStackMgr_BleSSMemWrite
                0x00004600       0x34 C:\Program Files (x86)\Cypress\PSoC Creator\3.1\PSoC Creator\psoc\content\cycomponentlibrary\CyComponentLibrary.cylib\BLE_v1_20\Library\gccCyBLEStack_BLE_SOC_CENTRAL.a(CyBleStackMgr_BleSSDriver.o)
                0x00004600                CyBleStackMgr_BleSSMemWrite

i.CyBleStackMgr_BleSSRegRead
                0x00004634        0xc
 i.CyBleStackMgr_BleSSRegRead
                0x00004634        0xc C:\Program Files (x86)\Cypress\PSoC Creator\3.1\PSoC Creator\psoc\content\cycomponentlibrary\CyComponentLibrary.cylib\BLE_v1_20\Library\gccCyBLEStack_BLE_SOC_CENTRAL.a(CyBleStackMgr_BleSSDriver.o)
                0x00004634                CyBleStackMgr_BleSSRegRead

i.CyBleStackMgr_BleSSRegWrite
                0x00004640        0xc
 i.CyBleStackMgr_BleSSRegWrite
                0x00004640        0xc C:\Program Files (x86)\Cypress\PSoC Creator\3.1\PSoC Creator\psoc\content\cycomponentlibrary\CyComponentLibrary.cylib\BLE_v1_20\Library\gccCyBLEStack_BLE_SOC_CENTRAL.a(CyBleStackMgr_BleSSDriver.o)
                0x00004640                CyBleStackMgr_BleSSRegWrite

i.CyBleStackMgr_BleSSReset
                0x0000464c       0x38
 i.CyBleStackMgr_BleSSReset
                0x0000464c       0x38 C:\Program Files (x86)\Cypress\PSoC Creator\3.1\PSoC Creator\psoc\content\cycomponentlibrary\CyComponentLibrary.cylib\BLE_v1_20\Library\gccCyBLEStack_BLE_SOC_CENTRAL.a(CyBleStackMgr_BleSSDriver.o)
                0x0000464c                CyBleStackMgr_BleSSReset

i.CyBleStackMgr_GenericIface
                0x00004684       0x3c
 i.CyBleStackMgr_GenericIface
                0x00004684       0x3c C:\Program Files (x86)\Cypress\PSoC Creator\3.1\PSoC Creator\psoc\content\cycomponentlibrary\CyComponentLibrary.cylib\BLE_v1_20\Library\gccCyBLEStack_BLE_SOC_CENTRAL.a(CyBleStackMgr_BleSSDriver.o)
                0x00004684                CyBleStackMgr_GenericIface

i.CyBleStackMgr_HandleBleSSIntr
                0x000046c0       0x90
 i.CyBleStackMgr_HandleBleSSIntr
                0x000046c0       0x90 C:\Program Files (x86)\Cypress\PSoC Creator\3.1\PSoC Creator\psoc\content\cycomponentlibrary\CyComponentLibrary.cylib\BLE_v1_20\Library\gccCyBLEStack_BLE_SOC_CENTRAL.a(CyBleStackMgr_BleSSDriver.o)
                0x000046c0                CyBleStackMgr_HandleBleSSIntr

i.CyBleStackMgr_SetClockParam
                0x00004750       0xb4
 i.CyBleStackMgr_SetClockParam
                0x00004750       0xb4 C:\Program Files (x86)\Cypress\PSoC Creator\3.1\PSoC Creator\psoc\content\cycomponentlibrary\CyComponentLibrary.cylib\BLE_v1_20\Library\gccCyBLEStack_BLE_SOC_CENTRAL.a(CyBleStackMgr_BleSSDriver.o)

i.CyBle_ExitDsmMode
                0x00004804       0x2c
 i.CyBle_ExitDsmMode
                0x00004804       0x2c C:\Program Files (x86)\Cypress\PSoC Creator\3.1\PSoC Creator\psoc\content\cycomponentlibrary\CyComponentLibrary.cylib\BLE_v1_20\Library\gccCyBLEStack_BLE_SOC_CENTRAL.a(CyBleStackMgr_BleSSDriver.o)
                0x00004804                CyBle_ExitDsmMode

i.CyBle_GetBleSsOperationalMode
                0x00004830        0xc
 i.CyBle_GetBleSsOperationalMode
                0x00004830        0xc C:\Program Files (x86)\Cypress\PSoC Creator\3.1\PSoC Creator\psoc\content\cycomponentlibrary\CyComponentLibrary.cylib\BLE_v1_20\Library\gccCyBLEStack_BLE_SOC_CENTRAL.a(CyBleStackMgr_BleSSDriver.o)
                0x00004830                CyBle_GetBleSsOperationalMode

i.CyBle_GetLpMode
                0x0000483c       0x26
 i.CyBle_GetLpMode
                0x0000483c       0x26 C:\Program Files (x86)\Cypress\PSoC Creator\3.1\PSoC Creator\psoc\content\cycomponentlibrary\CyComponentLibrary.cylib\BLE_v1_20\Library\gccCyBLEStack_BLE_SOC_CENTRAL.a(CyBleStackMgr_BleSSDriver.o)
                0x0000483c                CyBle_GetLpMode

i.CyBle_GetTxGainMode
                0x00004864       0x2c
 i.CyBle_GetTxGainMode
                0x00004864       0x2c C:\Program Files (x86)\Cypress\PSoC Creator\3.1\PSoC Creator\psoc\content\cycomponentlibrary\CyComponentLibrary.cylib\BLE_v1_20\Library\gccCyBLEStack_BLE_SOC_CENTRAL.a(CyBleStackMgr_BleSSDriver.o)
                0x00004864                CyBle_GetTxGainMode

i.CyBle_SetBleSsOperationalMode
                0x00004890       0x20
 i.CyBle_SetBleSsOperationalMode
                0x00004890       0x20 C:\Program Files (x86)\Cypress\PSoC Creator\3.1\PSoC Creator\psoc\content\cycomponentlibrary\CyComponentLibrary.cylib\BLE_v1_20\Library\gccCyBLEStack_BLE_SOC_CENTRAL.a(CyBleStackMgr_BleSSDriver.o)
                0x00004890                CyBle_SetBleSsOperationalMode

i.CyBle_SetEventCloseState
                0x000048b0        0xc
 i.CyBle_SetEventCloseState
                0x000048b0        0xc C:\Program Files (x86)\Cypress\PSoC Creator\3.1\PSoC Creator\psoc\content\cycomponentlibrary\CyComponentLibrary.cylib\BLE_v1_20\Library\gccCyBLEStack_BLE_SOC_CENTRAL.a(CyBleStackMgr_BleSSDriver.o)
                0x000048b0                CyBle_SetEventCloseState

i.CyBle_SetRxGainMode
                0x000048bc       0x20
 i.CyBle_SetRxGainMode
                0x000048bc       0x20 C:\Program Files (x86)\Cypress\PSoC Creator\3.1\PSoC Creator\psoc\content\cycomponentlibrary\CyComponentLibrary.cylib\BLE_v1_20\Library\gccCyBLEStack_BLE_SOC_CENTRAL.a(CyBleStackMgr_BleSSDriver.o)
                0x000048bc                CyBle_SetRxGainMode

i.CyBle_SetTxGainMode
                0x000048dc       0x38
 i.CyBle_SetTxGainMode
                0x000048dc       0x38 C:\Program Files (x86)\Cypress\PSoC Creator\3.1\PSoC Creator\psoc\content\cycomponentlibrary\CyComponentLibrary.cylib\BLE_v1_20\Library\gccCyBLEStack_BLE_SOC_CENTRAL.a(CyBleStackMgr_BleSSDriver.o)
                0x000048dc                CyBle_SetTxGainMode

i.pf_rf_get_abs_rssi
                0x00004914       0x24
 i.pf_rf_get_abs_rssi
                0x00004914       0x24 C:\Program Files (x86)\Cypress\PSoC Creator\3.1\PSoC Creator\psoc\content\cycomponentlibrary\CyComponentLibrary.cylib\BLE_v1_20\Library\gccCyBLEStack_BLE_SOC_CENTRAL.a(CyBleStackMgr_BleSSDriver.o)
                0x00004914                pf_rf_get_abs_rssi

i.OS_init       0x00004938       0x64
 i.OS_init      0x00004938       0x64 C:\Program Files (x86)\Cypress\PSoC Creator\3.1\PSoC Creator\psoc\content\cycomponentlibrary\CyComponentLibrary.cylib\BLE_v1_20\Library\gccCyBLEStack_BLE_SOC_CENTRAL.a(mint_os.o)
                0x00004938                OS_init

i.mintos_malloc
                0x0000499c       0x34
 i.mintos_malloc
                0x0000499c       0x34 C:\Program Files (x86)\Cypress\PSoC Creator\3.1\PSoC Creator\psoc\content\cycomponentlibrary\CyComponentLibrary.cylib\BLE_v1_20\Library\gccCyBLEStack_BLE_SOC_CENTRAL.a(mint_os.o)
                0x0000499c                mintos_malloc

i.OS_create_queue
                0x000049d0       0x64
 i.OS_create_queue
                0x000049d0       0x64 C:\Program Files (x86)\Cypress\PSoC Creator\3.1\PSoC Creator\psoc\content\cycomponentlibrary\CyComponentLibrary.cylib\BLE_v1_20\Library\gccCyBLEStack_BLE_SOC_CENTRAL.a(mint_os_queue.o)
                0x000049d0                OS_create_queue

i.OS_enqueue_item
                0x00004a34       0x8c
 i.OS_enqueue_item
                0x00004a34       0x8c C:\Program Files (x86)\Cypress\PSoC Creator\3.1\PSoC Creator\psoc\content\cycomponentlibrary\CyComponentLibrary.cylib\BLE_v1_20\Library\gccCyBLEStack_BLE_SOC_CENTRAL.a(mint_os_queue.o)
                0x00004a34                OS_enqueue_item

i.OS_queue_get_num_of_items
                0x00004ac0       0x28
 i.OS_queue_get_num_of_items
                0x00004ac0       0x28 C:\Program Files (x86)\Cypress\PSoC Creator\3.1\PSoC Creator\psoc\content\cycomponentlibrary\CyComponentLibrary.cylib\BLE_v1_20\Library\gccCyBLEStack_BLE_SOC_CENTRAL.a(mint_os_queue.o)
                0x00004ac0                OS_queue_get_num_of_items

i.OS_queue_mgmt_init
                0x00004ae8       0x40
 i.OS_queue_mgmt_init
                0x00004ae8       0x40 C:\Program Files (x86)\Cypress\PSoC Creator\3.1\PSoC Creator\psoc\content\cycomponentlibrary\CyComponentLibrary.cylib\BLE_v1_20\Library\gccCyBLEStack_BLE_SOC_CENTRAL.a(mint_os_queue.o)
                0x00004ae8                OS_queue_mgmt_init

i.OS_remove_item
                0x00004b28       0xa0
 i.OS_remove_item
                0x00004b28       0xa0 C:\Program Files (x86)\Cypress\PSoC Creator\3.1\PSoC Creator\psoc\content\cycomponentlibrary\CyComponentLibrary.cylib\BLE_v1_20\Library\gccCyBLEStack_BLE_SOC_CENTRAL.a(mint_os_queue.o)
                0x00004b28                OS_remove_item

i.OS_create_task
                0x00004bc8       0x88
 i.OS_create_task
                0x00004bc8       0x88 C:\Program Files (x86)\Cypress\PSoC Creator\3.1\PSoC Creator\psoc\content\cycomponentlibrary\CyComponentLibrary.cylib\BLE_v1_20\Library\gccCyBLEStack_BLE_SOC_CENTRAL.a(mint_os_task.o)
                0x00004bc8                OS_create_task

i.OS_isr_send_signal_to_task
                0x00004c50        0xc
 i.OS_isr_send_signal_to_task
                0x00004c50        0xc C:\Program Files (x86)\Cypress\PSoC Creator\3.1\PSoC Creator\psoc\content\cycomponentlibrary\CyComponentLibrary.cylib\BLE_v1_20\Library\gccCyBLEStack_BLE_SOC_CENTRAL.a(mint_os_task.o)
                0x00004c50                OS_isr_send_signal_to_task

i.OS_scheduler  0x00004c5c       0x64
 i.OS_scheduler
                0x00004c5c       0x64 C:\Program Files (x86)\Cypress\PSoC Creator\3.1\PSoC Creator\psoc\content\cycomponentlibrary\CyComponentLibrary.cylib\BLE_v1_20\Library\gccCyBLEStack_BLE_SOC_CENTRAL.a(mint_os_task.o)
                0x00004c5c                OS_scheduler

i.OS_send_signal_to_task
                0x00004cc0        0xc
 i.OS_send_signal_to_task
                0x00004cc0        0xc C:\Program Files (x86)\Cypress\PSoC Creator\3.1\PSoC Creator\psoc\content\cycomponentlibrary\CyComponentLibrary.cylib\BLE_v1_20\Library\gccCyBLEStack_BLE_SOC_CENTRAL.a(mint_os_task.o)
                0x00004cc0                OS_send_signal_to_task

i.OS_send_signal_to_task_context
                0x00004ccc       0x3c
 i.OS_send_signal_to_task_context
                0x00004ccc       0x3c C:\Program Files (x86)\Cypress\PSoC Creator\3.1\PSoC Creator\psoc\content\cycomponentlibrary\CyComponentLibrary.cylib\BLE_v1_20\Library\gccCyBLEStack_BLE_SOC_CENTRAL.a(mint_os_task.o)

i.OS_task_mgmt_init
                0x00004d08       0x50
 i.OS_task_mgmt_init
                0x00004d08       0x50 C:\Program Files (x86)\Cypress\PSoC Creator\3.1\PSoC Creator\psoc\content\cycomponentlibrary\CyComponentLibrary.cylib\BLE_v1_20\Library\gccCyBLEStack_BLE_SOC_CENTRAL.a(mint_os_task.o)
                0x00004d08                OS_task_mgmt_init

i.mint_buf_mgmt_allocate_buffer
                0x00004d58       0x4c
 i.mint_buf_mgmt_allocate_buffer
                0x00004d58       0x4c C:\Program Files (x86)\Cypress\PSoC Creator\3.1\PSoC Creator\psoc\content\cycomponentlibrary\CyComponentLibrary.cylib\BLE_v1_20\Library\gccCyBLEStack_BLE_SOC_CENTRAL.a(mint_buf_mgmt.o)
                0x00004d58                mint_buf_mgmt_allocate_buffer

i.mint_buf_mgmt_create_pool
                0x00004da4       0xd8
 i.mint_buf_mgmt_create_pool
                0x00004da4       0xd8 C:\Program Files (x86)\Cypress\PSoC Creator\3.1\PSoC Creator\psoc\content\cycomponentlibrary\CyComponentLibrary.cylib\BLE_v1_20\Library\gccCyBLEStack_BLE_SOC_CENTRAL.a(mint_buf_mgmt.o)
                0x00004da4                mint_buf_mgmt_create_pool

i.mint_buf_mgmt_free_buffer
                0x00004e7c       0xa4
 i.mint_buf_mgmt_free_buffer
                0x00004e7c       0xa4 C:\Program Files (x86)\Cypress\PSoC Creator\3.1\PSoC Creator\psoc\content\cycomponentlibrary\CyComponentLibrary.cylib\BLE_v1_20\Library\gccCyBLEStack_BLE_SOC_CENTRAL.a(mint_buf_mgmt.o)
                0x00004e7c                mint_buf_mgmt_free_buffer

i.mint_buf_mgmt_get_free_heap
                0x00004f20       0x1c
 i.mint_buf_mgmt_get_free_heap
                0x00004f20       0x1c C:\Program Files (x86)\Cypress\PSoC Creator\3.1\PSoC Creator\psoc\content\cycomponentlibrary\CyComponentLibrary.cylib\BLE_v1_20\Library\gccCyBLEStack_BLE_SOC_CENTRAL.a(mint_buf_mgmt.o)
                0x00004f20                mint_buf_mgmt_get_free_heap

i.mint_buf_mgmt_init
                0x00004f3c       0x44
 i.mint_buf_mgmt_init
                0x00004f3c       0x44 C:\Program Files (x86)\Cypress\PSoC Creator\3.1\PSoC Creator\psoc\content\cycomponentlibrary\CyComponentLibrary.cylib\BLE_v1_20\Library\gccCyBLEStack_BLE_SOC_CENTRAL.a(mint_buf_mgmt.o)
                0x00004f3c                mint_buf_mgmt_init

i.mint_buf_mgmt_malloc
                0x00004f80       0x2c
 i.mint_buf_mgmt_malloc
                0x00004f80       0x2c C:\Program Files (x86)\Cypress\PSoC Creator\3.1\PSoC Creator\psoc\content\cycomponentlibrary\CyComponentLibrary.cylib\BLE_v1_20\Library\gccCyBLEStack_BLE_SOC_CENTRAL.a(mint_buf_mgmt.o)
                0x00004f80                mint_buf_mgmt_malloc

i.mint_buf_mgmt_reset_pool
                0x00004fac       0x70
 i.mint_buf_mgmt_reset_pool
                0x00004fac       0x70 C:\Program Files (x86)\Cypress\PSoC Creator\3.1\PSoC Creator\psoc\content\cycomponentlibrary\CyComponentLibrary.cylib\BLE_v1_20\Library\gccCyBLEStack_BLE_SOC_CENTRAL.a(mint_buf_mgmt.o)
                0x00004fac                mint_buf_mgmt_reset_pool

i.mint_buf_mgmt_stack_init
                0x0000501c       0x24
 i.mint_buf_mgmt_stack_init
                0x0000501c       0x24 C:\Program Files (x86)\Cypress\PSoC Creator\3.1\PSoC Creator\psoc\content\cycomponentlibrary\CyComponentLibrary.cylib\BLE_v1_20\Library\gccCyBLEStack_BLE_SOC_CENTRAL.a(mint_buf_mgmt.o)
                0x0000501c                mint_buf_mgmt_stack_init

i.mint_buf_mgmt_stack_pop
                0x00005040       0x36
 i.mint_buf_mgmt_stack_pop
                0x00005040       0x36 C:\Program Files (x86)\Cypress\PSoC Creator\3.1\PSoC Creator\psoc\content\cycomponentlibrary\CyComponentLibrary.cylib\BLE_v1_20\Library\gccCyBLEStack_BLE_SOC_CENTRAL.a(mint_buf_mgmt.o)
                0x00005040                mint_buf_mgmt_stack_pop

i.mint_buf_mgmt_stack_push
                0x00005076       0x36
 i.mint_buf_mgmt_stack_push
                0x00005076       0x36 C:\Program Files (x86)\Cypress\PSoC Creator\3.1\PSoC Creator\psoc\content\cycomponentlibrary\CyComponentLibrary.cylib\BLE_v1_20\Library\gccCyBLEStack_BLE_SOC_CENTRAL.a(mint_buf_mgmt.o)
                0x00005076                mint_buf_mgmt_stack_push

i.mint_buf_mgmt_stack_reset
                0x000050ac       0x1e
 i.mint_buf_mgmt_stack_reset
                0x000050ac       0x1e C:\Program Files (x86)\Cypress\PSoC Creator\3.1\PSoC Creator\psoc\content\cycomponentlibrary\CyComponentLibrary.cylib\BLE_v1_20\Library\gccCyBLEStack_BLE_SOC_CENTRAL.a(mint_buf_mgmt.o)
                0x000050ac                mint_buf_mgmt_stack_reset

i.mint_buf_mgmt_stack_search_item
                0x000050ca       0x30
 i.mint_buf_mgmt_stack_search_item
                0x000050ca       0x30 C:\Program Files (x86)\Cypress\PSoC Creator\3.1\PSoC Creator\psoc\content\cycomponentlibrary\CyComponentLibrary.cylib\BLE_v1_20\Library\gccCyBLEStack_BLE_SOC_CENTRAL.a(mint_buf_mgmt.o)
                0x000050ca                mint_buf_mgmt_stack_search_item

i.mint_buf_mgmt_pl_init
                0x000050fc       0x2c
 i.mint_buf_mgmt_pl_init
                0x000050fc       0x2c C:\Program Files (x86)\Cypress\PSoC Creator\3.1\PSoC Creator\psoc\content\cycomponentlibrary\CyComponentLibrary.cylib\BLE_v1_20\Library\gccCyBLEStack_BLE_SOC_CENTRAL.a(mint_buf_mgmt_pl.o)
                0x000050fc                mint_buf_mgmt_pl_init

i.CyBleControllerIP_GetPingState
                0x00005128        0xc
 i.CyBleControllerIP_GetPingState
                0x00005128        0xc C:\Program Files (x86)\Cypress\PSoC Creator\3.1\PSoC Creator\psoc\content\cycomponentlibrary\CyComponentLibrary.cylib\BLE_v1_20\Library\gccCyBLEStack_BLE_SOC_CENTRAL.a(CyBleControllerIP_Interface.o)
                0x00005128                CyBleControllerIP_GetPingState

i.CyBleController_AddDeviceToWhiteList
                0x00005134       0x40
 i.CyBleController_AddDeviceToWhiteList
                0x00005134       0x40 C:\Program Files (x86)\Cypress\PSoC Creator\3.1\PSoC Creator\psoc\content\cycomponentlibrary\CyComponentLibrary.cylib\BLE_v1_20\Library\gccCyBLEStack_BLE_SOC_CENTRAL.a(CyBleControllerIP_Interface.o)
                0x00005134                CyBleController_AddDeviceToWhiteList

i.CyBleController_ExitLowPowerMode
                0x00005174       0x10
 i.CyBleController_ExitLowPowerMode
                0x00005174       0x10 C:\Program Files (x86)\Cypress\PSoC Creator\3.1\PSoC Creator\psoc\content\cycomponentlibrary\CyComponentLibrary.cylib\BLE_v1_20\Library\gccCyBLEStack_BLE_SOC_CENTRAL.a(CyBleControllerIP_Interface.o)
                0x00005174                CyBleController_ExitLowPowerMode

i.CyBleController_Init
                0x00005184       0x3c
 i.CyBleController_Init
                0x00005184       0x3c C:\Program Files (x86)\Cypress\PSoC Creator\3.1\PSoC Creator\psoc\content\cycomponentlibrary\CyComponentLibrary.cylib\BLE_v1_20\Library\gccCyBLEStack_BLE_SOC_CENTRAL.a(CyBleControllerIP_Interface.o)
                0x00005184                CyBleController_Init

i.CyBleController_SetDeviceAddress
                0x000051c0       0x2e
 i.CyBleController_SetDeviceAddress
                0x000051c0       0x2e C:\Program Files (x86)\Cypress\PSoC Creator\3.1\PSoC Creator\psoc\content\cycomponentlibrary\CyComponentLibrary.cylib\BLE_v1_20\Library\gccCyBLEStack_BLE_SOC_CENTRAL.a(CyBleControllerIP_Interface.o)
                0x000051c0                CyBleController_SetDeviceAddress

i.CyBle_GetTxPowerLevel
                0x000051ee       0x4e
 i.CyBle_GetTxPowerLevel
                0x000051ee       0x4e C:\Program Files (x86)\Cypress\PSoC Creator\3.1\PSoC Creator\psoc\content\cycomponentlibrary\CyComponentLibrary.cylib\BLE_v1_20\Library\gccCyBLEStack_BLE_SOC_CENTRAL.a(CyBleControllerIP_Interface.o)
                0x000051ee                CyBle_GetTxPowerLevel

i.CyBle_SetTxPowerLevel
                0x0000523c       0x56
 i.CyBle_SetTxPowerLevel
                0x0000523c       0x56 C:\Program Files (x86)\Cypress\PSoC Creator\3.1\PSoC Creator\psoc\content\cycomponentlibrary\CyComponentLibrary.cylib\BLE_v1_20\Library\gccCyBLEStack_BLE_SOC_CENTRAL.a(CyBleControllerIP_Interface.o)
                0x0000523c                CyBle_SetTxPowerLevel

i.ll_check_and_mark_packet_ready_for_transmission
                0x00005294       0x28
 i.ll_check_and_mark_packet_ready_for_transmission
                0x00005294       0x28 C:\Program Files (x86)\Cypress\PSoC Creator\3.1\PSoC Creator\psoc\content\cycomponentlibrary\CyComponentLibrary.cylib\BLE_v1_20\Library\gccCyBLEStack_BLE_SOC_CENTRAL.a(ll.o)
                0x00005294                ll_check_and_mark_packet_ready_for_transmission

i.ll_cleanup_pending_data_pdu
                0x000052bc       0x38
 i.ll_cleanup_pending_data_pdu
                0x000052bc       0x38 C:\Program Files (x86)\Cypress\PSoC Creator\3.1\PSoC Creator\psoc\content\cycomponentlibrary\CyComponentLibrary.cylib\BLE_v1_20\Library\gccCyBLEStack_BLE_SOC_CENTRAL.a(ll.o)
                0x000052bc                ll_cleanup_pending_data_pdu

i.ll_derive_window_offset
                0x000052f4       0x20
 i.ll_derive_window_offset
                0x000052f4       0x20 C:\Program Files (x86)\Cypress\PSoC Creator\3.1\PSoC Creator\psoc\content\cycomponentlibrary\CyComponentLibrary.cylib\BLE_v1_20\Library\gccCyBLEStack_BLE_SOC_CENTRAL.a(ll.o)
                0x000052f4                ll_derive_window_offset

i.ll_derive_window_size
                0x00005314        0xc
 i.ll_derive_window_size
                0x00005314        0xc C:\Program Files (x86)\Cypress\PSoC Creator\3.1\PSoC Creator\psoc\content\cycomponentlibrary\CyComponentLibrary.cylib\BLE_v1_20\Library\gccCyBLEStack_BLE_SOC_CENTRAL.a(ll.o)
                0x00005314                ll_derive_window_size

i.ll_exit_low_power_mode
                0x00005320       0xac
 i.ll_exit_low_power_mode
                0x00005320       0xac C:\Program Files (x86)\Cypress\PSoC Creator\3.1\PSoC Creator\psoc\content\cycomponentlibrary\CyComponentLibrary.cylib\BLE_v1_20\Library\gccCyBLEStack_BLE_SOC_CENTRAL.a(ll.o)
                0x00005320                ll_exit_low_power_mode

i.ll_get_ack_status
                0x000053cc       0x3c
 i.ll_get_ack_status
                0x000053cc       0x3c C:\Program Files (x86)\Cypress\PSoC Creator\3.1\PSoC Creator\psoc\content\cycomponentlibrary\CyComponentLibrary.cylib\BLE_v1_20\Library\gccCyBLEStack_BLE_SOC_CENTRAL.a(ll.o)
                0x000053cc                ll_get_ack_status

i.ll_get_adv_ch_tx_power
                0x00005408       0x20
 i.ll_get_adv_ch_tx_power
                0x00005408       0x20 C:\Program Files (x86)\Cypress\PSoC Creator\3.1\PSoC Creator\psoc\content\cycomponentlibrary\CyComponentLibrary.cylib\BLE_v1_20\Library\gccCyBLEStack_BLE_SOC_CENTRAL.a(ll.o)
                0x00005408                ll_get_adv_ch_tx_power

i.ll_get_data_channel_map
                0x00005428       0x24
 i.ll_get_data_channel_map
                0x00005428       0x24 C:\Program Files (x86)\Cypress\PSoC Creator\3.1\PSoC Creator\psoc\content\cycomponentlibrary\CyComponentLibrary.cylib\BLE_v1_20\Library\gccCyBLEStack_BLE_SOC_CENTRAL.a(ll.o)
                0x00005428                ll_get_data_channel_map

i.ll_get_max_white_list_size
                0x0000544c        0xc
 i.ll_get_max_white_list_size
                0x0000544c        0xc C:\Program Files (x86)\Cypress\PSoC Creator\3.1\PSoC Creator\psoc\content\cycomponentlibrary\CyComponentLibrary.cylib\BLE_v1_20\Library\gccCyBLEStack_BLE_SOC_CENTRAL.a(ll.o)
                0x0000544c                ll_get_max_white_list_size

i.ll_get_my_role
                0x00005458        0xc
 i.ll_get_my_role
                0x00005458        0xc C:\Program Files (x86)\Cypress\PSoC Creator\3.1\PSoC Creator\psoc\content\cycomponentlibrary\CyComponentLibrary.cylib\BLE_v1_20\Library\gccCyBLEStack_BLE_SOC_CENTRAL.a(ll.o)
                0x00005458                ll_get_my_role

i.ll_get_next_available_fifo_for_data_pdu
                0x00005464        0x8
 i.ll_get_next_available_fifo_for_data_pdu
                0x00005464        0x8 C:\Program Files (x86)\Cypress\PSoC Creator\3.1\PSoC Creator\psoc\content\cycomponentlibrary\CyComponentLibrary.cylib\BLE_v1_20\Library\gccCyBLEStack_BLE_SOC_CENTRAL.a(ll.o)
                0x00005464                ll_get_next_available_fifo_for_data_pdu

i.ll_get_next_available_fifo_for_ll_pdu
                0x0000546c       0x24
 i.ll_get_next_available_fifo_for_ll_pdu
                0x0000546c       0x24 C:\Program Files (x86)\Cypress\PSoC Creator\3.1\PSoC Creator\psoc\content\cycomponentlibrary\CyComponentLibrary.cylib\BLE_v1_20\Library\gccCyBLEStack_BLE_SOC_CENTRAL.a(ll.o)
                0x0000546c                ll_get_next_available_fifo_for_ll_pdu

i.ll_get_rssi_value
                0x00005490       0x26
 i.ll_get_rssi_value
                0x00005490       0x26 C:\Program Files (x86)\Cypress\PSoC Creator\3.1\PSoC Creator\psoc\content\cycomponentlibrary\CyComponentLibrary.cylib\BLE_v1_20\Library\gccCyBLEStack_BLE_SOC_CENTRAL.a(ll.o)
                0x00005490                ll_get_rssi_value

i.ll_get_transmit_power_level
                0x000054b8       0x2c
 i.ll_get_transmit_power_level
                0x000054b8       0x2c C:\Program Files (x86)\Cypress\PSoC Creator\3.1\PSoC Creator\psoc\content\cycomponentlibrary\CyComponentLibrary.cylib\BLE_v1_20\Library\gccCyBLEStack_BLE_SOC_CENTRAL.a(ll.o)
                0x000054b8                ll_get_transmit_power_level

i.ll_handle_ack_received
                0x000054e4       0x74
 i.ll_handle_ack_received
                0x000054e4       0x74 C:\Program Files (x86)\Cypress\PSoC Creator\3.1\PSoC Creator\psoc\content\cycomponentlibrary\CyComponentLibrary.cylib\BLE_v1_20\Library\gccCyBLEStack_BLE_SOC_CENTRAL.a(ll.o)
                0x000054e4                ll_handle_ack_received

i.ll_handle_add_device_in_whitelist
                0x00005558       0x3a
 i.ll_handle_add_device_in_whitelist
                0x00005558       0x3a C:\Program Files (x86)\Cypress\PSoC Creator\3.1\PSoC Creator\psoc\content\cycomponentlibrary\CyComponentLibrary.cylib\BLE_v1_20\Library\gccCyBLEStack_BLE_SOC_CENTRAL.a(ll.o)
                0x00005558                ll_handle_add_device_in_whitelist

i.ll_handle_clear_whitelist
                0x00005592       0x16
 i.ll_handle_clear_whitelist
                0x00005592       0x16 C:\Program Files (x86)\Cypress\PSoC Creator\3.1\PSoC Creator\psoc\content\cycomponentlibrary\CyComponentLibrary.cylib\BLE_v1_20\Library\gccCyBLEStack_BLE_SOC_CENTRAL.a(ll.o)
                0x00005592                ll_handle_clear_whitelist

i.ll_handle_encrypt_host_data
                0x000055a8       0x36
 i.ll_handle_encrypt_host_data
                0x000055a8       0x36 C:\Program Files (x86)\Cypress\PSoC Creator\3.1\PSoC Creator\psoc\content\cycomponentlibrary\CyComponentLibrary.cylib\BLE_v1_20\Library\gccCyBLEStack_BLE_SOC_CENTRAL.a(ll.o)
                0x000055a8                ll_handle_encrypt_host_data

i.ll_handle_host_data_packet
                0x000055de       0x54
 i.ll_handle_host_data_packet
                0x000055de       0x54 C:\Program Files (x86)\Cypress\PSoC Creator\3.1\PSoC Creator\psoc\content\cycomponentlibrary\CyComponentLibrary.cylib\BLE_v1_20\Library\gccCyBLEStack_BLE_SOC_CENTRAL.a(ll.o)
                0x000055de                ll_handle_host_data_packet

i.ll_handle_read_host_channel_map
                0x00005632        0x4
 i.ll_handle_read_host_channel_map
                0x00005632        0x4 C:\Program Files (x86)\Cypress\PSoC Creator\3.1\PSoC Creator\psoc\content\cycomponentlibrary\CyComponentLibrary.cylib\BLE_v1_20\Library\gccCyBLEStack_BLE_SOC_CENTRAL.a(ll.o)
                0x00005632                ll_handle_read_host_channel_map

i.ll_handle_remove_device_in_whitelist
                0x00005636       0x2a
 i.ll_handle_remove_device_in_whitelist
                0x00005636       0x2a C:\Program Files (x86)\Cypress\PSoC Creator\3.1\PSoC Creator\psoc\content\cycomponentlibrary\CyComponentLibrary.cylib\BLE_v1_20\Library\gccCyBLEStack_BLE_SOC_CENTRAL.a(ll.o)
                0x00005636                ll_handle_remove_device_in_whitelist

i.ll_handle_reset
                0x00005660        0xe
 i.ll_handle_reset
                0x00005660        0xe C:\Program Files (x86)\Cypress\PSoC Creator\3.1\PSoC Creator\psoc\content\cycomponentlibrary\CyComponentLibrary.cylib\BLE_v1_20\Library\gccCyBLEStack_BLE_SOC_CENTRAL.a(ll.o)
                0x00005660                ll_handle_reset

i.ll_handle_set_host_channel_map
                0x00005670       0x34
 i.ll_handle_set_host_channel_map
                0x00005670       0x34 C:\Program Files (x86)\Cypress\PSoC Creator\3.1\PSoC Creator\psoc\content\cycomponentlibrary\CyComponentLibrary.cylib\BLE_v1_20\Library\gccCyBLEStack_BLE_SOC_CENTRAL.a(ll.o)
                0x00005670                ll_handle_set_host_channel_map

i.ll_handle_set_random_address
                0x000056a4       0x36
 i.ll_handle_set_random_address
                0x000056a4       0x36 C:\Program Files (x86)\Cypress\PSoC Creator\3.1\PSoC Creator\psoc\content\cycomponentlibrary\CyComponentLibrary.cylib\BLE_v1_20\Library\gccCyBLEStack_BLE_SOC_CENTRAL.a(ll.o)
                0x000056a4                ll_handle_set_random_address

i.ll_init       0x000056dc       0x18
 i.ll_init      0x000056dc       0x18 C:\Program Files (x86)\Cypress\PSoC Creator\3.1\PSoC Creator\psoc\content\cycomponentlibrary\CyComponentLibrary.cylib\BLE_v1_20\Library\gccCyBLEStack_BLE_SOC_CENTRAL.a(ll.o)
                0x000056dc                ll_init

i.ll_initialize_device_attributes
                0x000056f4       0x50
 i.ll_initialize_device_attributes
                0x000056f4       0x50 C:\Program Files (x86)\Cypress\PSoC Creator\3.1\PSoC Creator\psoc\content\cycomponentlibrary\CyComponentLibrary.cylib\BLE_v1_20\Library\gccCyBLEStack_BLE_SOC_CENTRAL.a(ll.o)
                0x000056f4                ll_initialize_device_attributes

i.ll_is_pkt_pending
                0x00005744       0x2a
 i.ll_is_pkt_pending
                0x00005744       0x2a C:\Program Files (x86)\Cypress\PSoC Creator\3.1\PSoC Creator\psoc\content\cycomponentlibrary\CyComponentLibrary.cylib\BLE_v1_20\Library\gccCyBLEStack_BLE_SOC_CENTRAL.a(ll.o)
                0x00005744                ll_is_pkt_pending

i.ll_is_sent_pkt_pending
                0x0000576e       0x1a
 i.ll_is_sent_pkt_pending
                0x0000576e       0x1a C:\Program Files (x86)\Cypress\PSoC Creator\3.1\PSoC Creator\psoc\content\cycomponentlibrary\CyComponentLibrary.cylib\BLE_v1_20\Library\gccCyBLEStack_BLE_SOC_CENTRAL.a(ll.o)
                0x0000576e                ll_is_sent_pkt_pending

i.ll_isr_exit_low_power_mode
                0x00005788       0x16
 i.ll_isr_exit_low_power_mode
                0x00005788       0x16 C:\Program Files (x86)\Cypress\PSoC Creator\3.1\PSoC Creator\psoc\content\cycomponentlibrary\CyComponentLibrary.cylib\BLE_v1_20\Library\gccCyBLEStack_BLE_SOC_CENTRAL.a(ll.o)
                0x00005788                ll_isr_exit_low_power_mode

i.ll_load_host_data_packet
                0x0000579e       0x4a
 i.ll_load_host_data_packet
                0x0000579e       0x4a C:\Program Files (x86)\Cypress\PSoC Creator\3.1\PSoC Creator\psoc\content\cycomponentlibrary\CyComponentLibrary.cylib\BLE_v1_20\Library\gccCyBLEStack_BLE_SOC_CENTRAL.a(ll.o)
                0x0000579e                ll_load_host_data_packet

i.ll_load_packet_to_fifo
                0x000057e8       0x6e
 i.ll_load_packet_to_fifo
                0x000057e8       0x6e C:\Program Files (x86)\Cypress\PSoC Creator\3.1\PSoC Creator\psoc\content\cycomponentlibrary\CyComponentLibrary.cylib\BLE_v1_20\Library\gccCyBLEStack_BLE_SOC_CENTRAL.a(ll.o)
                0x000057e8                ll_load_packet_to_fifo

i.ll_process_acks
                0x00005856       0x3c
 i.ll_process_acks
                0x00005856       0x3c C:\Program Files (x86)\Cypress\PSoC Creator\3.1\PSoC Creator\psoc\content\cycomponentlibrary\CyComponentLibrary.cylib\BLE_v1_20\Library\gccCyBLEStack_BLE_SOC_CENTRAL.a(ll.o)
                0x00005856                ll_process_acks

i.ll_process_pending_channel_update
                0x00005894       0x30
 i.ll_process_pending_channel_update
                0x00005894       0x30 C:\Program Files (x86)\Cypress\PSoC Creator\3.1\PSoC Creator\psoc\content\cycomponentlibrary\CyComponentLibrary.cylib\BLE_v1_20\Library\gccCyBLEStack_BLE_SOC_CENTRAL.a(ll.o)
                0x00005894                ll_process_pending_channel_update

i.ll_reset      0x000058c4       0x12
 i.ll_reset     0x000058c4       0x12 C:\Program Files (x86)\Cypress\PSoC Creator\3.1\PSoC Creator\psoc\content\cycomponentlibrary\CyComponentLibrary.cylib\BLE_v1_20\Library\gccCyBLEStack_BLE_SOC_CENTRAL.a(ll.o)
                0x000058c4                ll_reset

i.ll_update_active_features
                0x000058d8       0x58
 i.ll_update_active_features
                0x000058d8       0x58 C:\Program Files (x86)\Cypress\PSoC Creator\3.1\PSoC Creator\psoc\content\cycomponentlibrary\CyComponentLibrary.cylib\BLE_v1_20\Library\gccCyBLEStack_BLE_SOC_CENTRAL.a(ll.o)
                0x000058d8                ll_update_active_features

i.ll_update_channel_map
                0x00005930       0x58
 i.ll_update_channel_map
                0x00005930       0x58 C:\Program Files (x86)\Cypress\PSoC Creator\3.1\PSoC Creator\psoc\content\cycomponentlibrary\CyComponentLibrary.cylib\BLE_v1_20\Library\gccCyBLEStack_BLE_SOC_CENTRAL.a(ll.o)
                0x00005930                ll_update_channel_map

i.ll_update_device_fsm
                0x00005988        0x8
 i.ll_update_device_fsm
                0x00005988        0x8 C:\Program Files (x86)\Cypress\PSoC Creator\3.1\PSoC Creator\psoc\content\cycomponentlibrary\CyComponentLibrary.cylib\BLE_v1_20\Library\gccCyBLEStack_BLE_SOC_CENTRAL.a(ll.o)
                0x00005988                ll_update_device_fsm

i.pf_le_start_timer
                0x00005990       0x16
 i.pf_le_start_timer
                0x00005990       0x16 C:\Program Files (x86)\Cypress\PSoC Creator\3.1\PSoC Creator\psoc\content\cycomponentlibrary\CyComponentLibrary.cylib\BLE_v1_20\Library\gccCyBLEStack_BLE_SOC_CENTRAL.a(ll.o)
                0x00005990                pf_le_start_timer

i.pf_le_stop_timer
                0x000059a6       0x12
 i.pf_le_stop_timer
                0x000059a6       0x12 C:\Program Files (x86)\Cypress\PSoC Creator\3.1\PSoC Creator\psoc\content\cycomponentlibrary\CyComponentLibrary.cylib\BLE_v1_20\Library\gccCyBLEStack_BLE_SOC_CENTRAL.a(ll.o)
                0x000059a6                pf_le_stop_timer

i.is_le_connection_handle
                0x000059b8       0x28
 i.is_le_connection_handle
                0x000059b8       0x28 C:\Program Files (x86)\Cypress\PSoC Creator\3.1\PSoC Creator\psoc\content\cycomponentlibrary\CyComponentLibrary.cylib\BLE_v1_20\Library\gccCyBLEStack_BLE_SOC_CENTRAL.a(ll_connection.o)
                0x000059b8                is_le_connection_handle

i.le_assign_connection_handle
                0x000059e0       0x28
 i.le_assign_connection_handle
                0x000059e0       0x28 C:\Program Files (x86)\Cypress\PSoC Creator\3.1\PSoC Creator\psoc\content\cycomponentlibrary\CyComponentLibrary.cylib\BLE_v1_20\Library\gccCyBLEStack_BLE_SOC_CENTRAL.a(ll_connection.o)
                0x000059e0                le_assign_connection_handle

i.le_get_connection_index
                0x00005a08        0x6
 i.le_get_connection_index
                0x00005a08        0x6 C:\Program Files (x86)\Cypress\PSoC Creator\3.1\PSoC Creator\psoc\content\cycomponentlibrary\CyComponentLibrary.cylib\BLE_v1_20\Library\gccCyBLEStack_BLE_SOC_CENTRAL.a(ll_connection.o)
                0x00005a08                le_get_connection_index

i.ll_allocate_connection
                0x00005a10       0x44
 i.ll_allocate_connection
                0x00005a10       0x44 C:\Program Files (x86)\Cypress\PSoC Creator\3.1\PSoC Creator\psoc\content\cycomponentlibrary\CyComponentLibrary.cylib\BLE_v1_20\Library\gccCyBLEStack_BLE_SOC_CENTRAL.a(ll_connection.o)
                0x00005a10                ll_allocate_connection

i.ll_check_and_decrypt_ll_pdu
                0x00005a54       0x68
 i.ll_check_and_decrypt_ll_pdu
                0x00005a54       0x68 C:\Program Files (x86)\Cypress\PSoC Creator\3.1\PSoC Creator\psoc\content\cycomponentlibrary\CyComponentLibrary.cylib\BLE_v1_20\Library\gccCyBLEStack_BLE_SOC_CENTRAL.a(ll_connection.o)
                0x00005a54                ll_check_and_decrypt_ll_pdu

i.ll_check_and_decrypt_packet
                0x00005abc       0x6a
 i.ll_check_and_decrypt_packet
                0x00005abc       0x6a C:\Program Files (x86)\Cypress\PSoC Creator\3.1\PSoC Creator\psoc\content\cycomponentlibrary\CyComponentLibrary.cylib\BLE_v1_20\Library\gccCyBLEStack_BLE_SOC_CENTRAL.a(ll_connection.o)
                0x00005abc                ll_check_and_decrypt_packet

i.ll_check_and_encrypt_ll_pdu
                0x00005b26       0x72
 i.ll_check_and_encrypt_ll_pdu
                0x00005b26       0x72 C:\Program Files (x86)\Cypress\PSoC Creator\3.1\PSoC Creator\psoc\content\cycomponentlibrary\CyComponentLibrary.cylib\BLE_v1_20\Library\gccCyBLEStack_BLE_SOC_CENTRAL.a(ll_connection.o)
                0x00005b26                ll_check_and_encrypt_ll_pdu

i.ll_check_and_encrypt_packet
                0x00005b98       0x8a
 i.ll_check_and_encrypt_packet
                0x00005b98       0x8a C:\Program Files (x86)\Cypress\PSoC Creator\3.1\PSoC Creator\psoc\content\cycomponentlibrary\CyComponentLibrary.cylib\BLE_v1_20\Library\gccCyBLEStack_BLE_SOC_CENTRAL.a(ll_connection.o)
                0x00005b98                ll_check_and_encrypt_packet

i.ll_check_for_access_address
                0x00005c24       0x68
 i.ll_check_for_access_address
                0x00005c24       0x68 C:\Program Files (x86)\Cypress\PSoC Creator\3.1\PSoC Creator\psoc\content\cycomponentlibrary\CyComponentLibrary.cylib\BLE_v1_20\Library\gccCyBLEStack_BLE_SOC_CENTRAL.a(ll_connection.o)
                0x00005c24                ll_check_for_access_address

i.ll_check_if_pdu_is_loaded_to_hardware
                0x00005c8c       0x1c
 i.ll_check_if_pdu_is_loaded_to_hardware
                0x00005c8c       0x1c C:\Program Files (x86)\Cypress\PSoC Creator\3.1\PSoC Creator\psoc\content\cycomponentlibrary\CyComponentLibrary.cylib\BLE_v1_20\Library\gccCyBLEStack_BLE_SOC_CENTRAL.a(ll_connection.o)
                0x00005c8c                ll_check_if_pdu_is_loaded_to_hardware

i.ll_check_random_address_in_use_by_initiator
                0x00005ca8       0x30
 i.ll_check_random_address_in_use_by_initiator
                0x00005ca8       0x30 C:\Program Files (x86)\Cypress\PSoC Creator\3.1\PSoC Creator\psoc\content\cycomponentlibrary\CyComponentLibrary.cylib\BLE_v1_20\Library\gccCyBLEStack_BLE_SOC_CENTRAL.a(ll_connection.o)
                0x00005ca8                ll_check_random_address_in_use_by_initiator

i.ll_check_white_list_in_use_by_initiator
                0x00005cd8       0x30
 i.ll_check_white_list_in_use_by_initiator
                0x00005cd8       0x30 C:\Program Files (x86)\Cypress\PSoC Creator\3.1\PSoC Creator\psoc\content\cycomponentlibrary\CyComponentLibrary.cylib\BLE_v1_20\Library\gccCyBLEStack_BLE_SOC_CENTRAL.a(ll_connection.o)
                0x00005cd8                ll_check_white_list_in_use_by_initiator

i.ll_conn_free_enc_txn_buffer
                0x00005d08       0x16
 i.ll_conn_free_enc_txn_buffer
                0x00005d08       0x16 C:\Program Files (x86)\Cypress\PSoC Creator\3.1\PSoC Creator\psoc\content\cycomponentlibrary\CyComponentLibrary.cylib\BLE_v1_20\Library\gccCyBLEStack_BLE_SOC_CENTRAL.a(ll_connection.o)
                0x00005d08                ll_conn_free_enc_txn_buffer

i.ll_conn_fsm_update_channel_map
                0x00005d1e       0x62
 i.ll_conn_fsm_update_channel_map
                0x00005d1e       0x62 C:\Program Files (x86)\Cypress\PSoC Creator\3.1\PSoC Creator\psoc\content\cycomponentlibrary\CyComponentLibrary.cylib\BLE_v1_20\Library\gccCyBLEStack_BLE_SOC_CENTRAL.a(ll_connection.o)
                0x00005d1e                ll_conn_fsm_update_channel_map

i.ll_conn_fsm_update_conn_update_state
                0x00005d80        0x6
 i.ll_conn_fsm_update_conn_update_state
                0x00005d80        0x6 C:\Program Files (x86)\Cypress\PSoC Creator\3.1\PSoC Creator\psoc\content\cycomponentlibrary\CyComponentLibrary.cylib\BLE_v1_20\Library\gccCyBLEStack_BLE_SOC_CENTRAL.a(ll_connection.o)
                0x00005d80                ll_conn_fsm_update_conn_update_state

i.ll_conn_fsm_update_state
                0x00005d86        0x4
 i.ll_conn_fsm_update_state
                0x00005d86        0x4 C:\Program Files (x86)\Cypress\PSoC Creator\3.1\PSoC Creator\psoc\content\cycomponentlibrary\CyComponentLibrary.cylib\BLE_v1_20\Library\gccCyBLEStack_BLE_SOC_CENTRAL.a(ll_connection.o)
                0x00005d86                ll_conn_fsm_update_state

i.ll_conn_handle_data_pdu_from_host_when_data_paused
                0x00005d8a        0x8
 i.ll_conn_handle_data_pdu_from_host_when_data_paused
                0x00005d8a        0x8 C:\Program Files (x86)\Cypress\PSoC Creator\3.1\PSoC Creator\psoc\content\cycomponentlibrary\CyComponentLibrary.cylib\BLE_v1_20\Library\gccCyBLEStack_BLE_SOC_CENTRAL.a(ll_connection.o)
                0x00005d8a                ll_conn_handle_data_pdu_from_host_when_data_paused

i.ll_conn_handle_ping_timer_expired_interrupt
                0x00005d94       0x1c
 i.ll_conn_handle_ping_timer_expired_interrupt
                0x00005d94       0x1c C:\Program Files (x86)\Cypress\PSoC Creator\3.1\PSoC Creator\psoc\content\cycomponentlibrary\CyComponentLibrary.cylib\BLE_v1_20\Library\gccCyBLEStack_BLE_SOC_CENTRAL.a(ll_connection.o)
                0x00005d94                ll_conn_handle_ping_timer_expired_interrupt

i.ll_conn_handle_ping_timer_nearly_expired_interrupt
                0x00005db0       0x20
 i.ll_conn_handle_ping_timer_nearly_expired_interrupt
                0x00005db0       0x20 C:\Program Files (x86)\Cypress\PSoC Creator\3.1\PSoC Creator\psoc\content\cycomponentlibrary\CyComponentLibrary.cylib\BLE_v1_20\Library\gccCyBLEStack_BLE_SOC_CENTRAL.a(ll_connection.o)
                0x00005db0                ll_conn_handle_ping_timer_nearly_expired_interrupt

i.ll_conn_process_pending_transactions
                0x00005dd0       0x12
 i.ll_conn_process_pending_transactions
                0x00005dd0       0x12 C:\Program Files (x86)\Cypress\PSoC Creator\3.1\PSoC Creator\psoc\content\cycomponentlibrary\CyComponentLibrary.cylib\BLE_v1_20\Library\gccCyBLEStack_BLE_SOC_CENTRAL.a(ll_connection.o)
                0x00005dd0                ll_conn_process_pending_transactions

i.ll_conn_program_authenticated_payload_timer
                0x00005de4       0x50
 i.ll_conn_program_authenticated_payload_timer
                0x00005de4       0x50 C:\Program Files (x86)\Cypress\PSoC Creator\3.1\PSoC Creator\psoc\content\cycomponentlibrary\CyComponentLibrary.cylib\BLE_v1_20\Library\gccCyBLEStack_BLE_SOC_CENTRAL.a(ll_connection.o)
                0x00005de4                ll_conn_program_authenticated_payload_timer

i.ll_conn_read_data_pdu_from_hardware
                0x00005e34       0x14
 i.ll_conn_read_data_pdu_from_hardware
                0x00005e34       0x14 C:\Program Files (x86)\Cypress\PSoC Creator\3.1\PSoC Creator\psoc\content\cycomponentlibrary\CyComponentLibrary.cylib\BLE_v1_20\Library\gccCyBLEStack_BLE_SOC_CENTRAL.a(ll_connection.o)
                0x00005e34                ll_conn_read_data_pdu_from_hardware

i.ll_conn_send_connection_update
                0x00005e48       0x8a
 i.ll_conn_send_connection_update
                0x00005e48       0x8a C:\Program Files (x86)\Cypress\PSoC Creator\3.1\PSoC Creator\psoc\content\cycomponentlibrary\CyComponentLibrary.cylib\BLE_v1_20\Library\gccCyBLEStack_BLE_SOC_CENTRAL.a(ll_connection.o)
                0x00005e48                ll_conn_send_connection_update
